INFO:     Will watch for changes in these directories: ['C:\\Users\\Enos Moreno\\OneDrive - uph.edu.hn\\Escritorio\\API_Sistema_Academico_FastAPI_SQLite']
INFO:     Uvicorn running on http://127.0.0.1:8000 (Press CTRL+C to quit)
INFO:     Started reloader process [23164] using WatchFiles
INFO:     Started server process [4400]
INFO:     Waiting for application startup.
INFO:     Application startup complete.
WARNING:  WatchFiles detected changes in 'venv\Lib\site-packages\pip\_vendor\rich\palette.py', 'venv\Lib\site-packages\pip\_vendor\rich\markup.py', 'venv\Lib\site-packages\pip\_vendor\rich\logging.py', 'venv\Lib\site-packages\pip\_vendor\rich\pager.py', 'venv\Lib\site-packages\pip\_vendor\rich\live_render.py', 'venv\Lib\site-packages\pip\_vendor\rich\panel.py', 'venv\Lib\site-packages\pip\_vendor\rich\measure.py', 'venv\Lib\site-packages\pip\_vendor\rich\padding.py'. Reloading...
INFO:     Shutting down
INFO:     Waiting for application shutdown.
INFO:     Application shutdown complete.
INFO:     Finished server process [4400]
WARNING:  WatchFiles detected changes in 'venv\Lib\site-packages\pip\_vendor\rich\abc.py', 'venv\Lib\site-packages\pip\_vendor\rich\emoji.py', 'venv\Lib\site-packages\pip\_vendor\rich\columns.py', 'venv\Lib\site-packages\pip\_vendor\rich\bar.py', 'venv\Lib\site-packages\pip\_vendor\rich\ansi.py', 'venv\Lib\site-packages\pip\_vendor\truststore\__init__.py', 'venv\Lib\site-packages\pip\_vendor\rich\default_styles.py', 'venv\Lib\site-packages\pip\_vendor\rich\jupyter.py', 'venv\Lib\site-packages\pip\_vendor\rich\cells.py', 'venv\Lib\site-packages\pip\_vendor\rich\highlighter.py', 'venv\Lib\site-packages\pip\_vendor\rich\align.py', 'venv\Lib\site-packages\pip\_vendor\rich\color_triplet.py', 'venv\Lib\site-packages\pip\_vendor\rich\diagnose.py', 'venv\Lib\site-packages\pip\_vendor\tomli\_parser.py', 'venv\Lib\site-packages\pip\_vendor\rich\box.py', 'venv\Lib\site-packages\pip\_vendor\rich\file_proxy.py', 'venv\Lib\site-packages\pip\_vendor\tomli_w\_writer.py', 'venv\Lib\site-packages\pip\_vendor\rich\constrain.py', 'venv\Lib\site-packages\pip\_vendor\rich\control.py', 'venv\Lib\site-packages\pip\_vendor\rich\layout.py', 'venv\Lib\site-packages\pip\_vendor\rich\containers.py', 'venv\Lib\site-packages\pip\_vendor\rich\errors.py', 'venv\Lib\site-packages\pip\_vendor\tomli_w\__init__.py', 'venv\Lib\site-packages\pip\_vendor\tomli\_types.py', 'venv\Lib\site-packages\pip\_vendor\rich\console.py', 'venv\Lib\site-packages\pip\_vendor\rich\json.py', 'venv\Lib\site-packages\pip\_vendor\rich\live.py', 'venv\Lib\site-packages\pip\_vendor\rich\filesize.py', 'venv\Lib\site-packages\pip\_vendor\tomli\__init__.py', 'venv\Lib\site-packages\pip\_vendor\tomli\_re.py', 'venv\Lib\site-packages\pip\_vendor\rich\color.py'. Reloading...
INFO:     Started server process [11056]
INFO:     Waiting for application startup.
INFO:     Application startup complete.
ERROR:    Traceback (most recent call last):
  File "C:\Users\Enos Moreno\AppData\Local\Programs\Python\Python314\Lib\asyncio\runners.py", line 128, in run
    return self._loop.run_until_complete(task)
           ~~~~~~~~~~~~~~~~~~~~~~~~~~~~~^^^^^^
  File "C:\Users\Enos Moreno\AppData\Local\Programs\Python\Python314\Lib\asyncio\base_events.py", line 719, in run_until_complete
    return future.result()
           ~~~~~~~~~~~~~^^
asyncio.exceptions.CancelledError

During handling of the above exception, another exception occurred:

Traceback (most recent call last):
  File "C:\Users\Enos Moreno\AppData\Local\Programs\Python\Python314\Lib\asyncio\runners.py", line 205, in run
    return runner.run(main)
           ~~~~~~~~~~^^^^^^
  File "C:\Users\Enos Moreno\AppData\Local\Programs\Python\Python314\Lib\asyncio\runners.py", line 133, in run
    raise KeyboardInterrupt()
KeyboardInterrupt

During handling of the above exception, another exception occurred:

Traceback (most recent call last):
  File "C:\Users\Enos Moreno\OneDrive - uph.edu.hn\Escritorio\API_Sistema_Academico_FastAPI_SQLite\venv\Lib\site-packages\starlette\routing.py", line 701, in lifespan
    await receive()
  File "C:\Users\Enos Moreno\OneDrive - uph.edu.hn\Escritorio\API_Sistema_Academico_FastAPI_SQLite\venv\Lib\site-packages\uvicorn\lifespan\on.py", line 137, in receive
    return await self.receive_queue.get()
           ^^^^^^^^^^^^^^^^^^^^^^^^^^^^^^
  File "C:\Users\Enos Moreno\AppData\Local\Programs\Python\Python314\Lib\asyncio\queues.py", line 186, in get
    await getter
asyncio.exceptions.CancelledError

WARNING:  WatchFiles detected changes in 'venv\Lib\site-packages\pip\_vendor\truststore\_ssl_constants.py', 'venv\Lib\site-packages\pip\_vendor\truststore\_windows.py', 'venv\Lib\site-packages\pip\_vendor\truststore\_openssl.py', 'venv\Lib\site-packages\pip\_vendor\truststore\_macos.py', 'venv\Lib\site-packages\pip\_vendor\urllib3\__init__.py', 'venv\Lib\site-packages\pip\_vendor\truststore\_api.py'. Reloading...
INFO:     Started server process [26760]
INFO:     Waiting for application startup.
INFO:     Application startup complete.
ERROR:    Traceback (most recent call last):
  File "C:\Users\Enos Moreno\AppData\Local\Programs\Python\Python314\Lib\asyncio\runners.py", line 128, in run
    return self._loop.run_until_complete(task)
           ~~~~~~~~~~~~~~~~~~~~~~~~~~~~~^^^^^^
  File "C:\Users\Enos Moreno\AppData\Local\Programs\Python\Python314\Lib\asyncio\base_events.py", line 719, in run_until_complete
    return future.result()
           ~~~~~~~~~~~~~^^
asyncio.exceptions.CancelledError

During handling of the above exception, another exception occurred:

Traceback (most recent call last):
  File "C:\Users\Enos Moreno\AppData\Local\Programs\Python\Python314\Lib\asyncio\runners.py", line 205, in run
    return runner.run(main)
           ~~~~~~~~~~^^^^^^
  File "C:\Users\Enos Moreno\AppData\Local\Programs\Python\Python314\Lib\asyncio\runners.py", line 133, in run
    raise KeyboardInterrupt()
KeyboardInterrupt

During handling of the above exception, another exception occurred:

Traceback (most recent call last):
  File "C:\Users\Enos Moreno\OneDrive - uph.edu.hn\Escritorio\API_Sistema_Academico_FastAPI_SQLite\venv\Lib\site-packages\starlette\routing.py", line 701, in lifespan
    await receive()
  File "C:\Users\Enos Moreno\OneDrive - uph.edu.hn\Escritorio\API_Sistema_Academico_FastAPI_SQLite\venv\Lib\site-packages\uvicorn\lifespan\on.py", line 137, in receive
    return await self.receive_queue.get()
           ^^^^^^^^^^^^^^^^^^^^^^^^^^^^^^
  File "C:\Users\Enos Moreno\AppData\Local\Programs\Python\Python314\Lib\asyncio\queues.py", line 186, in get
    await getter
asyncio.exceptions.CancelledError

INFO:     Started server process [21972]
INFO:     Waiting for application startup.
INFO:     Application startup complete.
WARNING:  WatchFiles detected changes in 'venv\Lib\site-packages\pip\_vendor\urllib3\response.py', 'venv\Lib\site-packages\pip\_vendor\urllib3\_base_connection.py', 'venv\Lib\site-packages\pip\_vendor\urllib3\_version.py', 'venv\Lib\site-packages\pip\_vendor\urllib3\_collections.py', 'venv\Lib\site-packages\pip\_vendor\urllib3\_request_methods.py', 'venv\Lib\site-packages\pip\_vendor\urllib3\poolmanager.py'. Reloading...
INFO:     Shutting down
INFO:     Waiting for application shutdown.
INFO:     Application shutdown complete.
INFO:     Finished server process [21972]
WARNING:  WatchFiles detected changes in 'venv\Lib\site-packages\pip\_vendor\urllib3\connection.py', 'venv\Lib\site-packages\pip\_internal\metadata\importlib\_envs.py', 'venv\Lib\site-packages\pip\_internal\metadata\importlib\_dists.py', 'venv\Lib\site-packages\pip\_vendor\urllib3\exceptions.py', 'venv\Lib\site-packages\pip\_vendor\urllib3\connectionpool.py', 'venv\Lib\site-packages\pip\_vendor\urllib3\filepost.py', 'venv\Lib\site-packages\pip\_internal\metadata\importlib\_compat.py', 'venv\Lib\site-packages\pip\_internal\metadata\importlib\__init__.py', 'venv\Lib\site-packages\pip\_vendor\urllib3\fields.py'. Reloading...
INFO:     Started server process [19600]
INFO:     Waiting for application startup.
INFO:     Application startup complete.
ERROR:    Traceback (most recent call last):
  File "C:\Users\Enos Moreno\AppData\Local\Programs\Python\Python314\Lib\asyncio\runners.py", line 128, in run
    return self._loop.run_until_complete(task)
           ~~~~~~~~~~~~~~~~~~~~~~~~~~~~~^^^^^^
  File "C:\Users\Enos Moreno\AppData\Local\Programs\Python\Python314\Lib\asyncio\base_events.py", line 719, in run_until_complete
    return future.result()
           ~~~~~~~~~~~~~^^
asyncio.exceptions.CancelledError

During handling of the above exception, another exception occurred:

Traceback (most recent call last):
  File "C:\Users\Enos Moreno\AppData\Local\Programs\Python\Python314\Lib\asyncio\runners.py", line 205, in run
    return runner.run(main)
           ~~~~~~~~~~^^^^^^
  File "C:\Users\Enos Moreno\AppData\Local\Programs\Python\Python314\Lib\asyncio\runners.py", line 133, in run
    raise KeyboardInterrupt()
KeyboardInterrupt

During handling of the above exception, another exception occurred:

Traceback (most recent call last):
  File "C:\Users\Enos Moreno\OneDrive - uph.edu.hn\Escritorio\API_Sistema_Academico_FastAPI_SQLite\venv\Lib\site-packages\starlette\routing.py", line 701, in lifespan
    await receive()
  File "C:\Users\Enos Moreno\OneDrive - uph.edu.hn\Escritorio\API_Sistema_Academico_FastAPI_SQLite\venv\Lib\site-packages\uvicorn\lifespan\on.py", line 137, in receive
    return await self.receive_queue.get()
           ^^^^^^^^^^^^^^^^^^^^^^^^^^^^^^
  File "C:\Users\Enos Moreno\AppData\Local\Programs\Python\Python314\Lib\asyncio\queues.py", line 186, in get
    await getter
asyncio.exceptions.CancelledError

WARNING:  WatchFiles detected changes in 'venv\Lib\site-packages\pip\_internal\operations\build\wheel_editable.py', 'venv\Lib\site-packages\pip\_internal\operations\build\build_tracker.py', 'venv\Lib\site-packages\pip\_internal\operations\build\metadata.py', 'venv\Lib\site-packages\pip\_internal\operations\build\metadata_editable.py', 'venv\Lib\site-packages\pip\_internal\operations\build\__init__.py', 'venv\Lib\site-packages\pip\_internal\operations\build\wheel.py'. Reloading...
INFO:     Started server process [10556]
INFO:     Waiting for application startup.
INFO:     Application startup complete.
ERROR:    Traceback (most recent call last):
  File "C:\Users\Enos Moreno\AppData\Local\Programs\Python\Python314\Lib\asyncio\runners.py", line 128, in run
    return self._loop.run_until_complete(task)
           ~~~~~~~~~~~~~~~~~~~~~~~~~~~~~^^^^^^
  File "C:\Users\Enos Moreno\AppData\Local\Programs\Python\Python314\Lib\asyncio\base_events.py", line 719, in run_until_complete
    return future.result()
           ~~~~~~~~~~~~~^^
asyncio.exceptions.CancelledError

During handling of the above exception, another exception occurred:

Traceback (most recent call last):
  File "C:\Users\Enos Moreno\AppData\Local\Programs\Python\Python314\Lib\asyncio\runners.py", line 205, in run
    return runner.run(main)
           ~~~~~~~~~~^^^^^^
  File "C:\Users\Enos Moreno\AppData\Local\Programs\Python\Python314\Lib\asyncio\runners.py", line 133, in run
    raise KeyboardInterrupt()
KeyboardInterrupt

During handling of the above exception, another exception occurred:

Traceback (most recent call last):
  File "C:\Users\Enos Moreno\OneDrive - uph.edu.hn\Escritorio\API_Sistema_Academico_FastAPI_SQLite\venv\Lib\site-packages\starlette\routing.py", line 701, in lifespan
    await receive()
  File "C:\Users\Enos Moreno\OneDrive - uph.edu.hn\Escritorio\API_Sistema_Academico_FastAPI_SQLite\venv\Lib\site-packages\uvicorn\lifespan\on.py", line 137, in receive
    return await self.receive_queue.get()
           ^^^^^^^^^^^^^^^^^^^^^^^^^^^^^^
  File "C:\Users\Enos Moreno\AppData\Local\Programs\Python\Python314\Lib\asyncio\queues.py", line 186, in get
    await getter
asyncio.exceptions.CancelledError

WARNING:  WatchFiles detected changes in 'venv\Lib\site-packages\pip\_internal\operations\install\__init__.py', 'venv\Lib\site-packages\pip\_internal\operations\install\wheel.py'. Reloading...
INFO:     Started server process [25848]
INFO:     Waiting for application startup.
INFO:     Application startup complete.
ERROR:    Traceback (most recent call last):
  File "C:\Users\Enos Moreno\AppData\Local\Programs\Python\Python314\Lib\asyncio\runners.py", line 128, in run
    return self._loop.run_until_complete(task)
           ~~~~~~~~~~~~~~~~~~~~~~~~~~~~~^^^^^^
  File "C:\Users\Enos Moreno\AppData\Local\Programs\Python\Python314\Lib\asyncio\base_events.py", line 719, in run_until_complete
    return future.result()
           ~~~~~~~~~~~~~^^
asyncio.exceptions.CancelledError

During handling of the above exception, another exception occurred:

Traceback (most recent call last):
  File "C:\Users\Enos Moreno\AppData\Local\Programs\Python\Python314\Lib\asyncio\runners.py", line 205, in run
    return runner.run(main)
           ~~~~~~~~~~^^^^^^
  File "C:\Users\Enos Moreno\AppData\Local\Programs\Python\Python314\Lib\asyncio\runners.py", line 133, in run
    raise KeyboardInterrupt()
KeyboardInterrupt

During handling of the above exception, another exception occurred:

Traceback (most recent call last):
  File "C:\Users\Enos Moreno\OneDrive - uph.edu.hn\Escritorio\API_Sistema_Academico_FastAPI_SQLite\venv\Lib\site-packages\starlette\routing.py", line 701, in lifespan
    await receive()
  File "C:\Users\Enos Moreno\OneDrive - uph.edu.hn\Escritorio\API_Sistema_Academico_FastAPI_SQLite\venv\Lib\site-packages\uvicorn\lifespan\on.py", line 137, in receive
    return await self.receive_queue.get()
           ^^^^^^^^^^^^^^^^^^^^^^^^^^^^^^
  File "C:\Users\Enos Moreno\AppData\Local\Programs\Python\Python314\Lib\asyncio\queues.py", line 186, in get
    await getter
asyncio.exceptions.CancelledError

WARNING:  WatchFiles detected changes in 'venv\Lib\site-packages\pip\_internal\resolution\resolvelib\__init__.py', 'venv\Lib\site-packages\pip\_internal\resolution\legacy\__init__.py', 'venv\Lib\site-packages\pip\_internal\resolution\legacy\resolver.py'. Reloading...
INFO:     Started server process [25844]
INFO:     Waiting for application startup.
INFO:     Application startup complete.
ERROR:    Traceback (most recent call last):
  File "C:\Users\Enos Moreno\AppData\Local\Programs\Python\Python314\Lib\asyncio\runners.py", line 128, in run
    return self._loop.run_until_complete(task)
           ~~~~~~~~~~~~~~~~~~~~~~~~~~~~~^^^^^^
  File "C:\Users\Enos Moreno\AppData\Local\Programs\Python\Python314\Lib\asyncio\base_events.py", line 719, in run_until_complete
    return future.result()
           ~~~~~~~~~~~~~^^
asyncio.exceptions.CancelledError

During handling of the above exception, another exception occurred:

Traceback (most recent call last):
  File "C:\Users\Enos Moreno\AppData\Local\Programs\Python\Python314\Lib\asyncio\runners.py", line 205, in run
    return runner.run(main)
           ~~~~~~~~~~^^^^^^
  File "C:\Users\Enos Moreno\AppData\Local\Programs\Python\Python314\Lib\asyncio\runners.py", line 133, in run
    raise KeyboardInterrupt()
KeyboardInterrupt

During handling of the above exception, another exception occurred:

Traceback (most recent call last):
  File "C:\Users\Enos Moreno\OneDrive - uph.edu.hn\Escritorio\API_Sistema_Academico_FastAPI_SQLite\venv\Lib\site-packages\starlette\routing.py", line 701, in lifespan
    await receive()
  File "C:\Users\Enos Moreno\OneDrive - uph.edu.hn\Escritorio\API_Sistema_Academico_FastAPI_SQLite\venv\Lib\site-packages\uvicorn\lifespan\on.py", line 137, in receive
    return await self.receive_queue.get()
           ^^^^^^^^^^^^^^^^^^^^^^^^^^^^^^
  File "C:\Users\Enos Moreno\AppData\Local\Programs\Python\Python314\Lib\asyncio\queues.py", line 186, in get
    await getter
asyncio.exceptions.CancelledError

WARNING:  WatchFiles detected changes in 'venv\Lib\site-packages\pip\_internal\resolution\resolvelib\requirements.py', 'venv\Lib\site-packages\pip\_internal\resolution\resolvelib\resolver.py', 'venv\Lib\site-packages\pip\_internal\resolution\resolvelib\provider.py', 'venv\Lib\site-packages\pip\_internal\resolution\resolvelib\reporter.py', 'venv\Lib\site-packages\pip\_internal\resolution\resolvelib\candidates.py', 'venv\Lib\site-packages\pip\_internal\resolution\resolvelib\factory.py', 'venv\Lib\site-packages\pip\_internal\resolution\resolvelib\base.py', 'venv\Lib\site-packages\pip\_internal\resolution\resolvelib\found_candidates.py'. Reloading...
INFO:     Started server process [12488]
INFO:     Waiting for application startup.
INFO:     Application startup complete.
ERROR:    Traceback (most recent call last):
  File "C:\Users\Enos Moreno\AppData\Local\Programs\Python\Python314\Lib\asyncio\runners.py", line 128, in run
    return self._loop.run_until_complete(task)
           ~~~~~~~~~~~~~~~~~~~~~~~~~~~~~^^^^^^
  File "C:\Users\Enos Moreno\AppData\Local\Programs\Python\Python314\Lib\asyncio\base_events.py", line 719, in run_until_complete
    return future.result()
           ~~~~~~~~~~~~~^^
asyncio.exceptions.CancelledError

During handling of the above exception, another exception occurred:

Traceback (most recent call last):
  File "C:\Users\Enos Moreno\AppData\Local\Programs\Python\Python314\Lib\asyncio\runners.py", line 205, in run
    return runner.run(main)
           ~~~~~~~~~~^^^^^^
  File "C:\Users\Enos Moreno\AppData\Local\Programs\Python\Python314\Lib\asyncio\runners.py", line 133, in run
    raise KeyboardInterrupt()
KeyboardInterrupt

During handling of the above exception, another exception occurred:

Traceback (most recent call last):
  File "C:\Users\Enos Moreno\OneDrive - uph.edu.hn\Escritorio\API_Sistema_Academico_FastAPI_SQLite\venv\Lib\site-packages\starlette\routing.py", line 701, in lifespan
    await receive()
  File "C:\Users\Enos Moreno\OneDrive - uph.edu.hn\Escritorio\API_Sistema_Academico_FastAPI_SQLite\venv\Lib\site-packages\uvicorn\lifespan\on.py", line 137, in receive
    return await self.receive_queue.get()
           ^^^^^^^^^^^^^^^^^^^^^^^^^^^^^^
  File "C:\Users\Enos Moreno\AppData\Local\Programs\Python\Python314\Lib\asyncio\queues.py", line 186, in get
    await getter
asyncio.exceptions.CancelledError

INFO:     Started server process [21248]
INFO:     Waiting for application startup.
INFO:     Application startup complete.
WARNING:  WatchFiles detected changes in 'venv\Lib\site-packages\pip\_vendor\cachecontrol\caches\__init__.py'. Reloading...
INFO:     Shutting down
INFO:     Waiting for application shutdown.
INFO:     Application shutdown complete.
INFO:     Finished server process [21248]
WARNING:  WatchFiles detected changes in 'venv\Lib\site-packages\packaging\specifiers.py', 'venv\Lib\site-packages\starlette\status.py', 'venv\Lib\site-packages\websockets\imports.py', 'venv\Lib\site-packages\pygments\lexers\teal.py', 'venv\Lib\site-packages\dns\tsigkeyring.py', 'venv\Lib\site-packages\_pytest\pastebin.py', 'venv\Lib\site-packages\pygments\lexers\fortran.py', 'venv\Lib\site-packages\pygments\lexers\_usd_builtins.py', 'venv\Lib\site-packages\pygments\lexers\j.py', 'venv\Lib\site-packages\dns\rdata.py', 'venv\Lib\site-packages\fastapi\middleware\httpsredirect.py', 'venv\Lib\site-packages\pydantic\parse.py', 'venv\Lib\site-packages\yaml\cyaml.py', 'venv\Lib\site-packages\annotated_types\test_cases.py', 'venv\Lib\site-packages\pydantic\config.py', 'venv\Lib\site-packages\click\_winconsole.py', 'venv\Lib\site-packages\fastapi\security\oauth2.py', 'venv\Lib\site-packages\pygments\lexers\ampl.py', 'venv\Lib\site-packages\pydantic\v1\main.py', 'venv\Lib\site-packages\pydantic\validators.py', 'venv\Lib\site-packages\dns\rdtypes\dnskeybase.py', 'venv\Lib\site-packages\pydantic\datetime_parse.py', 'venv\Lib\site-packages\pygments\plugin.py', 'venv\Lib\site-packages\py.py', 'venv\Lib\site-packages\uvicorn\loops\__init__.py', 'venv\Lib\site-packages\pygments\lexers\gleam.py', 'venv\Lib\site-packages\pygments\lexers\_vim_builtins.py', 'venv\Lib\site-packages\requests\packages.py', 'venv\Lib\site-packages\pygments\lexers\python.py', 'venv\Lib\site-packages\pygments\lexers\dotnet.py', 'venv\Lib\site-packages\pygments\lexers\special.py', 'venv\Lib\site-packages\pygments\lexers\inferno.py', 'venv\Lib\site-packages\colorama\initialise.py', 'venv\Lib\site-packages\yaml\constructor.py', 'venv\Lib\site-packages\colorama\win32.py', 'venv\Lib\site-packages\pygments\styles\inkpot.py', 'venv\Lib\site-packages\pygments\lexers\rebol.py', 'venv\Lib\site-packages\urllib3\util\timeout.py', 'venv\Lib\site-packages\pygments\lexers\fift.py', 'venv\Lib\site-packages\pygments\unistring.py', 'venv\Lib\site-packages\pygments\lexers\crystal.py', 'venv\Lib\site-packages\urllib3\util\url.py', 'venv\Lib\site-packages\pluggy\_version.py', 'venv\Lib\site-packages\websockets\headers.py', 'venv\Lib\site-packages\uvicorn\loops\uvloop.py', 'venv\Lib\site-packages\pygments\lexers\_postgres_builtins.py', 'venv\Lib\site-packages\pydantic\_internal\_forward_ref.py', 'venv\Lib\site-packages\packaging\_manylinux.py', 'venv\Lib\site-packages\httpx\_utils.py', 'venv\Lib\site-packages\_pytest\_code\source.py', 'venv\Lib\site-packages\email_validator\exceptions_types.py', 'venv\Lib\site-packages\pip\_vendor\urllib3\util\ssl_match_hostname.py', 'venv\Lib\site-packages\pygments\lexers\openscad.py', 'venv\Lib\site-packages\anyio\_core\_subprocesses.py', 'venv\Lib\site-packages\websockets\asyncio\__init__.py', 'venv\Lib\site-packages\pygments\lexers\typst.py', 'venv\Lib\site-packages\pygments\lexers\bdd.py', 'venv\Lib\site-packages\pydantic\decorator.py', 'venv\Lib\site-packages\anyio\_core\_resources.py', 'venv\Lib\site-packages\anyio\_backends\_asyncio.py', 'venv\Lib\site-packages\pygments\lexers\_mql_builtins.py', 'venv\Lib\site-packages\pip\_vendor\urllib3\util\util.py', 'venv\Lib\site-packages\anyio\lowlevel.py', 'venv\Lib\site-packages\httptools\parser\errors.py', 'venv\Lib\site-packages\pydantic\json.py', 'venv\Lib\site-packages\pygments\lexers\kusto.py', 'venv\Lib\site-packages\urllib3\util\ssltransport.py', 'venv\Lib\site-packages\watchfiles\main.py', 'venv\Lib\site-packages\pygments\lexers\_mysql_builtins.py', 'venv\Lib\site-packages\pydantic\fields.py', 'venv\Lib\site-packages\_pytest\config\__init__.py', 'venv\Lib\site-packages\pygments\lexers\_cocoa_builtins.py', 'venv\Lib\site-packages\dns\dnssecalgs\__init__.py', 'venv\Lib\site-packages\pygments\lexers\urbi.py', 'venv\Lib\site-packages\pygments\lexers\configs.py', 'venv\Lib\site-packages\httpcore\_sync\http_proxy.py', 'venv\Lib\site-packages\pydantic\_internal\_utils.py', 'venv\Lib\site-packages\pygments\formatters\rtf.py', 'venv\Lib\site-packages\dns\rdtypes\ANY\SPF.py', 'venv\Lib\site-packages\fastapi\routing.py', 'venv\Lib\site-packages\pygments\lexers\_openedge_builtins.py', 'venv\Lib\site-packages\httpcore\_sync\socks_proxy.py', 'venv\Lib\site-packages\urllib3\connectionpool.py', 'venv\Lib\site-packages\pydantic\type_adapter.py', 'venv\Lib\site-packages\_pytest\python_api.py', 'venv\Lib\site-packages\websockets\legacy\client.py', 'venv\Lib\site-packages\dns\rdtypes\ANY\ZONEMD.py', 'venv\Lib\site-packages\pygments\lexers\perl.py', 'venv\Lib\site-packages\pygments\styles\lovelace.py', 'venv\Lib\site-packages\httpcore\_utils.py', 'venv\Lib\site-packages\websockets\proxy.py', 'venv\Lib\site-packages\uvicorn\logging.py', 'venv\Lib\site-packages\pip\_vendor\pygments\lexers\__init__.py', 'venv\Lib\site-packages\pygments\lexers\_ada_builtins.py', 'venv\Lib\site-packages\pygments\lexers\devicetree.py', 'venv\Lib\site-packages\uvicorn\_subprocess.py', 'venv\Lib\site-packages\dns\_trio_backend.py', 'venv\Lib\site-packages\pygments\styles\stata_dark.py', 'venv\Lib\site-packages\pygments\formatters\other.py', 'venv\Lib\site-packages\pygments\lexers\lean.py', 'venv\Lib\site-packages\pygments\lexers\_vbscript_builtins.py', 'venv\Lib\site-packages\anyio\to_interpreter.py', 'venv\Lib\site-packages\httpcore\_backends\mock.py', 'venv\Lib\site-packages\pygments\sphinxext.py', 'venv\Lib\site-packages\pygments\lexers\lisp.py', 'venv\Lib\site-packages\pygments\lexers\cel.py', 'venv\Lib\site-packages\pygments\formatters\terminal.py', 'venv\Lib\site-packages\httpcore\_trace.py', 'venv\Lib\site-packages\pygments\styles\trac.py', 'venv\Lib\site-packages\pygments\lexers\functional.py', 'venv\Lib\site-packages\idna\intranges.py', 'venv\Lib\site-packages\fastapi\openapi\utils.py', 'venv\Lib\site-packages\httptools\parser\__init__.py', 'venv\Lib\site-packages\pygments\lexers\graphics.py', 'venv\Lib\site-packages\packaging\_ranges.py', 'venv\Lib\site-packages\pygments\lexers\webidl.py', 'venv\Lib\site-packages\pygments\lexers\meson.py', 'venv\Lib\site-packages\urllib3\util\util.py', 'venv\Lib\site-packages\yaml\composer.py', 'venv\Lib\site-packages\_pytest\config\compat.py', 'venv\Lib\site-packages\dns\rdtypes\nsbase.py', 'venv\Lib\site-packages\anyio\to_thread.py', 'venv\Lib\site-packages\pydantic\_internal\_import_utils.py', 'venv\Lib\site-packages\pygments\lexers\haxe.py', 'venv\Lib\site-packages\pygments\lexers\elm.py', 'venv\Lib\site-packages\click\testing.py', 'venv\Lib\site-packages\packaging\version.py', 'venv\Lib\site-packages\email_validator\validate_email.py', 'venv\Lib\site-packages\colorama\tests\ansitowin32_test.py', 'venv\Lib\site-packages\httpcore\_async\http2.py', 'venv\Lib\site-packages\pygments\lexers\rita.py', 'venv\Lib\site-packages\click\parser.py', 'venv\Lib\site-packages\anyio\pytest_plugin.py', 'venv\Lib\site-packages\anyio\abc\_eventloop.py', 'venv\Lib\site-packages\dns\enum.py', 'venv\Lib\site-packages\charset_normalizer\constant.py', 'venv\Lib\site-packages\pygments\lexers\_stata_builtins.py', 'venv\Lib\site-packages\yaml\reader.py', 'venv\Lib\site-packages\pygments\lexers\mime.py', 'venv\Lib\site-packages\pip\_vendor\urllib3\http2\connection.py', 'venv\Lib\site-packages\dns\rdtypes\mxbase.py', 'venv\Lib\site-packages\pygments\lexers\foxpro.py', 'venv\Lib\site-packages\pygments\lexers\resource.py', 'venv\Lib\site-packages\urllib3\util\ssl_.py', 'venv\Lib\site-packages\pip\_vendor\resolvelib\resolvers\resolution.py', 'venv\Lib\site-packages\urllib3\util\proxy.py', 'venv\Lib\site-packages\pip\_vendor\resolvelib\resolvers\abstract.py', 'venv\Lib\site-packages\packaging\_parser.py', 'venv\Lib\site-packages\yaml\dumper.py', 'venv\Lib\site-packages\pygments\formatters\_mapping.py', 'venv\Lib\site-packages\starlette\_exception_handler.py', 'venv\Lib\site-packages\pip\_vendor\pygments\formatters\_mapping.py', 'venv\Lib\site-packages\yaml\tokens.py', 'venv\Lib\site-packages\pygments\lexers\haskell.py', 'venv\Lib\site-packages\yaml\events.py', 'venv\Lib\site-packages\pygments\lexers\other.py', 'venv\Lib\site-packages\pygments\styles\vim.py', 'venv\Lib\site-packages\pygments\lexers\q.py', 'venv\Lib\site-packages\websockets\asyncio\client.py', 'venv\Lib\site-packages\_pytest\helpconfig.py', 'venv\Lib\site-packages\anyio\_core\_tasks.py', 'venv\Lib\site-packages\dns\asyncbackend.py', 'venv\Lib\site-packages\pygments\lexers\carbon.py', 'venv\Lib\site-packages\anyio\abc\__init__.py', 'venv\Lib\site-packages\httpx\_transports\base.py', 'venv\Lib\site-packages\pip\_vendor\urllib3\http2\__init__.py', 'venv\Lib\site-packages\urllib3\http2\__init__.py', 'venv\Lib\site-packages\dns\set.py', 'venv\Lib\site-packages\anyio\streams\text.py', 'venv\Lib\site-packages\pygments\lexers\json5.py', 'venv\Lib\site-packages\click\formatting.py', 'venv\Lib\site-packages\charset_normalizer\md.py', 'venv\Lib\site-packages\dns\dnssecalgs\dsa.py', 'venv\Lib\site-packages\pydantic\v1\generics.py', 'venv\Lib\site-packages\urllib3\filepost.py', 'venv\Lib\site-packages\pygments\lexers\jsx.py', 'venv\Lib\site-packages\websockets\client.py', 'venv\Lib\site-packages\_pytest\mark\expression.py', 'venv\Lib\site-packages\pip\_vendor\pygments\styles\__init__.py', 'venv\Lib\site-packages\fastapi\exception_handlers.py', 'venv\Lib\site-packages\pygments\lexers\r.py', 'venv\Lib\site-packages\starlette\middleware\exceptions.py', 'venv\Lib\site-packages\pydantic\v1\tools.py', 'venv\Lib\site-packages\pygments\lexers\unicon.py', 'venv\Lib\site-packages\requests\certs.py', 'venv\Lib\site-packages\yaml\nodes.py', 'venv\Lib\site-packages\pygments\lexers\maple.py', 'venv\Lib\site-packages\pygments\lexers\dylan.py', 'venv\Lib\site-packages\urllib3\util\request.py', 'venv\Lib\site-packages\pygments\lexers\vyper.py', 'venv\Lib\site-packages\colorama\tests\initialise_test.py', 'venv\Lib\site-packages\dns\win32util.py', 'venv\Lib\site-packages\uvicorn\main.py', 'venv\Lib\site-packages\pydantic\_internal\_discriminated_union.py', 'venv\Lib\site-packages\httpx\_content.py', 'venv\Lib\site-packages\anyio\_lazyimport.py', 'venv\Lib\site-packages\dns\dnssec.py', 'venv\Lib\site-packages\dns\rdatatype.py', 'venv\Lib\site-packages\fastapi\concurrency.py', 'venv\Lib\site-packages\pygments\lexers\trafficscript.py', 'venv\Lib\site-packages\pytest\__init__.py', 'venv\Lib\site-packages\charset_normalizer\utils.py', 'venv\Lib\site-packages\urllib3\_request_methods.py', 'venv\Lib\site-packages\pydantic\v1\schema.py', 'venv\Lib\site-packages\pip\_vendor\urllib3\http2\probe.py', 'venv\Lib\site-packages\pygments\lexers\oberon.py', 'venv\Lib\site-packages\dns\grange.py', 'venv\Lib\site-packages\fastapi\security\utils.py', 'venv\Lib\site-packages\dns\dnssectypes.py', 'venv\Lib\site-packages\h11\_receivebuffer.py', 'venv\Lib\site-packages\certifi\__init__.py', 'venv\Lib\site-packages\pygments\lexers\webassembly.py', 'venv\Lib\site-packages\dns\asyncquery.py', 'venv\Lib\site-packages\_pytest\threadexception.py', 'venv\Lib\site-packages\click\__init__.py', 'venv\Lib\site-packages\dns\rdtypes\ANY\RT.py', 'venv\Lib\site-packages\annotated_types\__init__.py', 'venv\Lib\site-packages\pygments\lexers\dax.py', 'venv\Lib\site-packages\pygments\styles\lilypond.py', 'venv\Lib\site-packages\pygments\lexers\graph.py', 'venv\Lib\site-packages\pygments\formatters\latex.py', 'venv\Lib\site-packages\pygments\styles\__init__.py', 'venv\Lib\site-packages\fastapi\openapi\constants.py', 'venv\Lib\site-packages\pip\_vendor\urllib3\contrib\__init__.py', 'venv\Lib\site-packages\pydantic\v1\env_settings.py', 'venv\Lib\site-packages\pydantic\v1\annotated_types.py', 'venv\Lib\site-packages\starlette\staticfiles.py', 'venv\Lib\site-packages\pygments\lexers\c_like.py', 'venv\Lib\site-packages\pygments\lexers\erlang.py', 'venv\Lib\site-packages\pygments\__init__.py', 'venv\Lib\site-packages\packaging\utils.py', 'venv\Lib\site-packages\_pytest\timing.py', 'venv\Lib\site-packages\anyio\functools.py', 'venv\Lib\site-packages\dns\rdtypes\tlsabase.py', 'venv\Lib\site-packages\fastapi\middleware\cors.py', 'venv\Lib\site-packages\httpx\_transports\__init__.py', 'venv\Lib\site-packages\pygments\styles\material.py', 'venv\Lib\site-packages\uvicorn\middleware\__init__.py', 'venv\Lib\site-packages\packaging\licenses\__init__.py', 'venv\Lib\site-packages\pygments\lexers\basic.py', 'venv\Lib\site-packages\starlette\config.py', 'venv\Lib\site-packages\dns\rrset.py', 'venv\Lib\site-packages\dns\node.py', 'venv\Lib\site-packages\websockets\protocol.py', 'venv\Lib\site-packages\_pytest\runner.py', 'venv\Lib\site-packages\urllib3\util\response.py', 'venv\Lib\site-packages\pygments\lexers\bqn.py', 'venv\Lib\site-packages\httpcore\_exceptions.py', 'venv\Lib\site-packages\pydantic\_internal\_generics.py', 'venv\Lib\site-packages\click\core.py', 'venv\Lib\site-packages\pygments\styles\default.py', 'venv\Lib\site-packages\websockets\sync\router.py', 'venv\Lib\site-packages\pygments\lexers\apl.py', 'venv\Lib\site-packages\_pytest\_io\wcwidth.py', 'venv\Lib\site-packages\pygments\lexers\clean.py', 'venv\Lib\site-packages\pydantic\typing.py', 'venv\Lib\site-packages\yaml\__init__.py', 'venv\Lib\site-packages\packaging\_tokenizer.py', 'venv\Lib\site-packages\pygments\styles\fruity.py', 'venv\Lib\site-packages\httpx\_multipart.py', 'venv\Lib\site-packages\starlette\websockets.py', 'venv\Lib\site-packages\idna\core.py', 'venv\Lib\site-packages\pydantic\_internal\_core_utils.py', 'venv\Lib\site-packages\pydantic\plugin\__init__.py', 'venv\Lib\site-packages\pygments\lexers\data.py', 'venv\Lib\site-packages\colorama\ansi.py', 'venv\Lib\site-packages\httpx\_transports\default.py', 'venv\Lib\site-packages\dns\rdtypes\ANY\SOA.py', 'venv\Lib\site-packages\pygments\lexers\kuin.py', 'venv\Lib\site-packages\pydantic\experimental\pipeline.py', 'venv\Lib\site-packages\pygments\lexers\wgsl.py', 'venv\Lib\site-packages\dns\rdtypes\ANY\TKEY.py', 'venv\Lib\site-packages\email_validator\__init__.py', 'venv\Lib\site-packages\dns\_tls_util.py', 'venv\Lib\site-packages\pygments\lexers\nit.py', 'venv\Lib\site-packages\websockets\trio\messages.py', 'venv\Lib\site-packages\pip\_vendor\urllib3\contrib\emscripten\connection.py', 'venv\Lib\site-packages\pygments\lexers\ncl.py', 'venv\Lib\site-packages\pygments\util.py', 'venv\Lib\site-packages\pygments\lexers\_scilab_builtins.py', 'venv\Lib\site-packages\_pytest\terminal.py', 'venv\Lib\site-packages\pygments\lexers\smalltalk.py', 'venv\Lib\site-packages\pygments\formatters\html.py', 'venv\Lib\site-packages\websockets\asyncio\connection.py', 'venv\Lib\site-packages\websockets\legacy\protocol.py', 'venv\Lib\site-packages\pygments\lexers\ml.py', 'venv\Lib\site-packages\pygments\lexers\tal.py', 'venv\Lib\site-packages\dns\name.py', 'venv\Lib\site-packages\urllib3\contrib\socks.py', 'venv\Lib\site-packages\pygments\lexers\tact.py', 'venv\Lib\site-packages\websockets\cli.py', 'venv\Lib\site-packages\dns\rdtypes\ANY\TSIG.py', 'venv\Lib\site-packages\_yaml\__init__.py', 'venv\Lib\site-packages\pygments\styles\monokai.py', 'venv\Lib\site-packages\pygments\lexers\ldap.py', 'venv\Lib\site-packages\dns\nameserver.py', 'venv\Lib\site-packages\pygments\lexers\cddl.py', 'venv\Lib\site-packages\pygments\lexers\tls.py', 'venv\Lib\site-packages\dns\dnssecalgs\eddsa.py', 'venv\Lib\site-packages\pygments\lexers\theorem.py', 'venv\Lib\site-packages\pydantic\root_model.py', 'venv\Lib\site-packages\pydantic\utils.py', 'venv\Lib\site-packages\starlette\authentication.py', 'venv\Lib\site-packages\pluggy\_manager.py', 'venv\Lib\site-packages\pygments\lexers\ptx.py', 'venv\Lib\site-packages\pygments\lexers\pointless.py', 'venv\Lib\site-packages\uvicorn\__main__.py', 'venv\Lib\site-packages\pygments\lexers\boa.py', 'venv\Lib\site-packages\charset_normalizer\models.py', 'venv\Lib\site-packages\httpx\_urls.py', 'venv\Lib\site-packages\starlette\requests.py', 'venv\Lib\site-packages\pygments\lexers\_lua_builtins.py', 'venv\Lib\site-packages\pydantic\env_settings.py', 'venv\Lib\site-packages\anyio\_core\_futures.py', 'venv\Lib\site-packages\pygments\formatters\irc.py', 'venv\Lib\site-packages\_pytest\compat.py', 'venv\Lib\site-packages\pluggy\_hooks.py', 'venv\Lib\site-packages\pygments\lexers\freefem.py', 'venv\Lib\site-packages\click\decorators.py', 'venv\Lib\site-packages\pygments\lexers\verification.py', 'venv\Lib\site-packages\pygments\lexers\automation.py', 'venv\Lib\site-packages\dns\dnssecalgs\base.py', 'venv\Lib\site-packages\pydantic_core\core_schema.py', 'venv\Lib\site-packages\h11\_readers.py', 'venv\Lib\site-packages\httpcore\_sync\connection_pool.py', 'venv\Lib\site-packages\pip\_vendor\pygments\filters\__init__.py', 'venv\Lib\site-packages\pygments\filter.py', 'venv\Lib\site-packages\pygments\lexers\igor.py', 'venv\Lib\site-packages\pygments\lexers\csound.py', 'venv\Lib\site-packages\pygments\lexers\yang.py', 'venv\Lib\site-packages\pygments\lexers\_googlesql_builtins.py', 'venv\Lib\site-packages\dns\quic\__init__.py', 'venv\Lib\site-packages\pygments\lexers\tnt.py', 'venv\Lib\site-packages\pip\_vendor\packaging\licenses\__init__.py', 'venv\Lib\site-packages\pygments\lexers\fantom.py', 'venv\Lib\site-packages\pygments\lexers\matlab.py', 'venv\Lib\site-packages\pip\_vendor\urllib3\util\wait.py', 'venv\Lib\site-packages\starlette\concurrency.py', 'venv\Lib\site-packages\_pytest\legacypath.py', 'venv\Lib\site-packages\pydantic\__init__.py', 'venv\Lib\site-packages\pydantic\generics.py', 'venv\Lib\site-packages\fastapi\requests.py', 'venv\Lib\site-packages\pygments\lexers\arturo.py', 'venv\Lib\site-packages\pygments\lexers\asc.py', 'venv\Lib\site-packages\pygments\lexers\ride.py', 'venv\Lib\site-packages\pygments\styles\night_owl.py', 'venv\Lib\site-packages\pygments\lexers\monte.py', 'venv\Lib\site-packages\websockets\sync\server.py', 'venv\Lib\site-packages\click\termui.py', 'venv\Lib\site-packages\anyio\_core\_typedattr.py', 'venv\Lib\site-packages\pygments\formatter.py', 'venv\Lib\site-packages\_pytest\junitxml.py', 'venv\Lib\site-packages\pluggy\_callers.py', 'venv\Lib\site-packages\click\_utils.py', 'venv\Lib\site-packages\pygments\lexers\ezhil.py', 'venv\Lib\site-packages\dns\btree.py', 'venv\Lib\site-packages\pygments\lexers\qvt.py', 'venv\Lib\site-packages\requests\status_codes.py', 'venv\Lib\site-packages\pygments\lexers\bare.py', 'venv\Lib\site-packages\_pytest\_io\__init__.py', 'venv\Lib\site-packages\pygments\lexers\pddl.py', 'venv\Lib\site-packages\idna\uts46data.py', 'venv\Lib\site-packages\pygments\lexers\php.py', 'venv\Lib\site-packages\pygments\lexers\javascript.py', 'venv\Lib\site-packages\websockets\datastructures.py', 'venv\Lib\site-packages\pygments\lexers\textedit.py', 'venv\Lib\site-packages\pygments\styles\paraiso_dark.py', 'venv\Lib\site-packages\pydantic\_internal\_git.py', 'venv\Lib\site-packages\pygments\lexers\praat.py', 'venv\Lib\site-packages\_pytest\assertion\truncate.py', 'venv\Lib\site-packages\urllib3\_collections.py', 'venv\Lib\site-packages\pip\_vendor\cachecontrol\caches\file_cache.py', 'venv\Lib\site-packages\pygments\lexers\promql.py', 'venv\Lib\site-packages\dns\ipv4.py', 'venv\Lib\site-packages\pygments\lexers\pascal.py', 'venv\Lib\site-packages\h11\_headers.py', 'venv\Lib\site-packages\pydantic\v1\types.py', 'venv\Lib\site-packages\_pytest\pathlib.py', 'venv\Lib\site-packages\idna\package_data.py', 'venv\Lib\site-packages\dns\rdtypes\util.py', 'venv\Lib\site-packages\anyio\to_process.py', 'venv\Lib\site-packages\pydantic\_internal\_namespace_utils.py', 'venv\Lib\site-packages\pygments\lexers\console.py', 'venv\Lib\site-packages\pydantic\v1\config.py', 'venv\Lib\site-packages\starlette\schemas.py', 'venv\Lib\site-packages\pydantic\v1\networks.py', 'venv\Lib\site-packages\dns\rdtypes\ANY\OPENPGPKEY.py', 'venv\Lib\site-packages\pygments\styles\murphy.py', 'venv\Lib\site-packages\pygments\lexers\d.py', 'venv\Lib\site-packages\pygments\lexers\graphql.py', 'venv\Lib\site-packages\dns\rdataclass.py', 'venv\Lib\site-packages\_pytest\_io\pprint.py', 'venv\Lib\site-packages\websockets\sync\client.py', 'venv\Lib\site-packages\_pytest\skipping.py', 'venv\Lib\site-packages\websockets\auth.py', 'venv\Lib\site-packages\pygments\lexers\make.py', 'venv\Lib\site-packages\httpcore\_sync\__init__.py', 'venv\Lib\site-packages\pygments\lexers\apdlexer.py', 'venv\Lib\site-packages\pygments\filters\__init__.py', 'venv\Lib\site-packages\pygments\lexers\mojo.py', 'venv\Lib\site-packages\fastapi\openapi\__init__.py', 'venv\Lib\site-packages\requests\hooks.py', 'venv\Lib\site-packages\_pytest\pytester.py', 'venv\Lib\site-packages\pygments\lexers\slash.py', 'venv\Lib\site-packages\_pytest\fixtures.py', 'venv\Lib\site-packages\pygments\lexers\graphviz.py', 'venv\Lib\site-packages\dns\rdtypes\ANY\WALLET.py', 'venv\Lib\site-packages\pygments\styles\onedark.py', 'venv\Lib\site-packages\dns\rdtypes\ANY\URI.py', 'venv\Lib\site-packages\pygments\styles\sas.py', 'venv\Lib\site-packages\anyio\_core\_synchronization.py', 'venv\Lib\site-packages\pydantic\_internal\_signature.py', 'venv\Lib\site-packages\_pytest\_version.py', 'venv\Lib\site-packages\_pytest\_io\terminalwriter.py', 'venv\Lib\site-packages\pygments\lexers\solidity.py', 'venv\Lib\site-packages\dns\quic\_sync.py', 'venv\Lib\site-packages\pygments\regexopt.py', 'venv\Lib\site-packages\pygments\styles\solarized.py', 'venv\Lib\site-packages\pygments\__main__.py', 'venv\Lib\site-packages\click\_termui_impl.py', 'venv\Lib\site-packages\pygments\lexers\floscript.py', 'venv\Lib\site-packages\pygments\styles\bw.py', 'venv\Lib\site-packages\pygments\lexers\go.py', 'venv\Lib\site-packages\pygments\lexers\sieve.py', 'venv\Lib\site-packages\dns\zonefile.py', 'venv\Lib\site-packages\pydantic\deprecated\__init__.py', 'venv\Lib\site-packages\watchfiles\version.py', 'venv\Lib\site-packages\yaml\representer.py', 'venv\Lib\site-packages\pygments\lexers\sophia.py', 'venv\Lib\site-packages\urllib3\exceptions.py', 'venv\Lib\site-packages\websockets\server.py', 'venv\Lib\site-packages\iniconfig\__init__.py', 'venv\Lib\site-packages\colorama\tests\winterm_test.py', 'venv\Lib\site-packages\idna\__main__.py', 'venv\Lib\site-packages\starlette\convertors.py', 'venv\Lib\site-packages\websockets\trio\__init__.py', 'venv\Lib\site-packages\pygments\lexers\gcodelexer.py', 'venv\Lib\site-packages\_pytest\faulthandler.py', 'venv\Lib\site-packages\pygments\lexers\idl.py', 'venv\Lib\site-packages\dns\entropy.py', 'venv\Lib\site-packages\pygments\lexers\_mapping.py', 'venv\Lib\site-packages\click\types.py', 'venv\Lib\site-packages\requests\structures.py', 'venv\Lib\site-packages\pygments\styles\lightbulb.py', 'venv\Lib\site-packages\dns\serial.py', 'venv\Lib\site-packages\_pytest\setuponly.py', 'venv\Lib\site-packages\websockets\trio\router.py', 'venv\Lib\site-packages\idna\__init__.py', 'venv\Lib\site-packages\pip\_vendor\pygments\formatters\__init__.py', 'venv\Lib\site-packages\pygments\lexers\archetype.py', 'venv\Lib\site-packages\anyio\itertools.py', 'venv\Lib\site-packages\fastapi\cli.py', 'venv\Lib\site-packages\pygments\lexers\whiley.py', 'venv\Lib\site-packages\dns\ttl.py', 'venv\Lib\site-packages\packaging\pylock.py', 'venv\Lib\site-packages\websockets\extensions\base.py', 'venv\Lib\site-packages\_pytest\recwarn.py', 'venv\Lib\site-packages\pydantic\_internal\_fields.py', 'venv\Lib\site-packages\dns\transaction.py', 'venv\Lib\site-packages\pydantic\functional_validators.py', 'venv\Lib\site-packages\pygments\styles\algol.py', 'venv\Lib\site-packages\websockets\uri.py', 'venv\Lib\site-packages\fastapi\utils.py', 'venv\Lib\site-packages\pygments\lexers\jslt.py', 'venv\Lib\site-packages\pydantic\_internal\_validate_call.py', 'venv\Lib\site-packages\pip\_vendor\urllib3\util\proxy.py', 'venv\Lib\site-packages\pygments\lexers\algebra.py', 'venv\Lib\site-packages\pydantic\v1\version.py', 'venv\Lib\site-packages\_pytest\assertion\__init__.py', 'venv\Lib\site-packages\httpx\_types.py', 'venv\Lib\site-packages\pygments\lexers\_lasso_builtins.py', 'venv\Lib\site-packages\uvicorn\middleware\wsgi.py', 'venv\Lib\site-packages\pygments\styles\autumn.py', 'venv\Lib\site-packages\urllib3\_base_connection.py', 'venv\Lib\site-packages\pydantic\experimental\__init__.py', 'venv\Lib\site-packages\fastapi\background.py', 'venv\Lib\site-packages\httpcore\_async\interfaces.py', 'venv\Lib\site-packages\click\utils.py', 'venv\Lib\site-packages\pygments\lexers\_scheme_builtins.py', 'venv\Lib\site-packages\httpcore\_sync\http11.py', 'venv\Lib\site-packages\_pytest\_py\error.py', 'venv\Lib\site-packages\httpcore\__init__.py', 'venv\Lib\site-packages\charset_normalizer\cli\__init__.py', 'venv\Lib\site-packages\pydantic\networks.py', 'venv\Lib\site-packages\pygments\cmdline.py', 'venv\Lib\site-packages\pygments\lexers\_css_builtins.py', 'venv\Lib\site-packages\pygments\lexers\hexdump.py', 'venv\Lib\site-packages\anyio\_core\_testing.py', 'venv\Lib\site-packages\pygments\lexers\_qlik_builtins.py', 'venv\Lib\site-packages\pygments\styles\colorful.py', 'venv\Lib\site-packages\httpx\_transports\mock.py', 'venv\Lib\site-packages\pydantic\v1\_hypothesis_plugin.py', 'venv\Lib\site-packages\anyio\from_thread.py', 'venv\Lib\site-packages\urllib3\response.py', 'venv\Lib\site-packages\anyio\streams\tls.py', 'venv\Lib\site-packages\urllib3\util\__init__.py', 'venv\Lib\site-packages\pygments\lexers\esoteric.py', 'venv\Lib\site-packages\pygments\lexers\webmisc.py', 'venv\Lib\site-packages\pip\_vendor\urllib3\util\retry.py', 'venv\Lib\site-packages\pip\_vendor\urllib3\contrib\emscripten\response.py', 'venv\Lib\site-packages\dns\edns.py', 'venv\Lib\site-packages\pygments\lexers\rnc.py', 'venv\Lib\site-packages\pygments\lexers\scripting.py', 'venv\Lib\site-packages\dotenv\main.py', 'venv\Lib\site-packages\_pytest\capture.py', 'venv\Lib\site-packages\httpcore\_backends\auto.py', 'venv\Lib\site-packages\pydantic\v1\utils.py', 'venv\Lib\site-packages\fastapi\middleware\gzip.py', 'venv\Lib\site-packages\pydantic\_internal\_core_metadata.py', 'venv\Lib\site-packages\anyio\abc\_testing.py', 'venv\Lib\site-packages\iniconfig\exceptions.py', 'venv\Lib\site-packages\httpcore\_backends\sync.py', 'venv\Lib\site-packages\pygments\lexers\tlb.py', 'venv\Lib\site-packages\httpcore\_async\http11.py', 'venv\Lib\site-packages\urllib3\connection.py', 'venv\Lib\site-packages\email_validator\deliverability.py', 'venv\Lib\site-packages\uvicorn\server.py', 'venv\Lib\site-packages\dns\flags.py', 'venv\Lib\site-packages\dns\rdtypes\ANY\OPT.py', 'venv\Lib\site-packages\websockets\trio\server.py', 'venv\Lib\site-packages\dns\rcode.py', 'venv\Lib\site-packages\pydantic\tools.py', 'venv\Lib\site-packages\watchfiles\__init__.py', 'venv\Lib\site-packages\websockets\asyncio\messages.py', 'venv\Lib\site-packages\anyio\abc\_tasks.py', 'venv\Lib\site-packages\pygments\lexers\ul4.py', 'venv\Lib\site-packages\dns\_immutable_ctx.py', 'venv\Lib\site-packages\anyio\streams\file.py', 'venv\Lib\site-packages\websockets\legacy\http.py', 'venv\Lib\site-packages\dns\quic\_trio.py', 'venv\Lib\site-packages\pydantic\plugin\_loader.py', 'venv\Lib\site-packages\pygments\styles\zenburn.py', 'venv\Lib\site-packages\pygments\lexers\chapel.py', 'venv\Lib\site-packages\pygments\lexers\thingsdb.py', 'venv\Lib\site-packages\urllib3\util\retry.py', 'venv\Lib\site-packages\uvicorn\_types.py', 'venv\Lib\site-packages\dns\_features.py', 'venv\Lib\site-packages\pygments\lexers\parsers.py', 'venv\Lib\site-packages\packaging\tags.py', 'venv\Lib\site-packages\anyio\_core\_exceptions.py', 'venv\Lib\site-packages\starlette\background.py', 'venv\Lib\site-packages\pygments\lexers\rdf.py', 'venv\Lib\site-packages\anyio\_core\_signals.py', 'venv\Lib\site-packages\pygments\styles\rrt.py', 'venv\Lib\site-packages\pydantic\experimental\arguments_schema.py', 'venv\Lib\site-packages\pygments\lexers\rego.py', 'venv\Lib\site-packages\dns\rdtypes\ANY\X25.py', 'venv\Lib\site-packages\_pytest\main.py', 'venv\Lib\site-packages\_pytest\stepwise.py', 'venv\Lib\site-packages\websockets\asyncio\server.py', 'venv\Lib\site-packages\websockets\trio\utils.py', 'venv\Lib\site-packages\requests\models.py', 'venv\Lib\site-packages\yaml\serializer.py', 'venv\Lib\site-packages\pygments\styles\emacs.py', 'venv\Lib\site-packages\pydantic\v1\decorator.py', 'venv\Lib\site-packages\anyio\_core\_contextmanagers.py', 'venv\Lib\site-packages\dns\rdtypes\svcbbase.py', 'venv\Lib\site-packages\pygments\lexers\pony.py', 'venv\Lib\site-packages\pydantic\v1\parse.py', 'venv\Lib\site-packages\_pytest\deprecated.py', 'venv\Lib\site-packages\fastapi\staticfiles.py', 'venv\Lib\site-packages\starlette\templating.py', 'venv\Lib\site-packages\pydantic\deprecated\parse.py', 'venv\Lib\site-packages\pygments\styles\igor.py', 'venv\Lib\site-packages\pydantic\_internal\_schema_generation_shared.py', 'venv\Lib\site-packages\pygments\lexers\asn1.py', 'venv\Lib\site-packages\anyio\__init__.py', 'venv\Lib\site-packages\urllib3\http2\probe.py', 'venv\Lib\site-packages\dns\rdtypes\euibase.py', 'venv\Lib\site-packages\dns\ipv6.py', 'venv\Lib\site-packages\packaging\requirements.py', 'venv\Lib\site-packages\uvicorn\lifespan\off.py', 'venv\Lib\site-packages\pydantic\deprecated\config.py', 'venv\Lib\site-packages\pygments\lexers\text.py', 'venv\Lib\site-packages\pydantic\errors.py', 'venv\Lib\site-packages\dotenv\__init__.py', 'venv\Lib\site-packages\pygments\lexers\varnish.py', 'venv\Lib\site-packages\dns\rdtypes\ANY\TLSA.py', 'venv\Lib\site-packages\colorama\ansitowin32.py', 'venv\Lib\site-packages\httpx\_transports\asgi.py', 'venv\Lib\site-packages\httpcore\_backends\anyio.py', 'venv\Lib\site-packages\pygments\styles\dracula.py', 'venv\Lib\site-packages\packaging\errors.py', 'venv\Lib\site-packages\pygments\lexers\robotframework.py', 'venv\Lib\site-packages\pygments\styles\perldoc.py', 'venv\Lib\site-packages\pygments\lexers\_lilypond_builtins.py', 'venv\Lib\site-packages\_pytest\_py\__init__.py', 'venv\Lib\site-packages\anyio\_core\_tempfile.py', 'venv\Lib\site-packages\pydantic\deprecated\tools.py', 'venv\Lib\site-packages\pygments\lexers\int_fiction.py', 'venv\Lib\site-packages\pygments\styles\rainbow_dash.py', 'venv\Lib\site-packages\fastapi\openapi\models.py', 'venv\Lib\site-packages\packaging\_elffile.py', 'venv\Lib\site-packages\_pytest\python.py', 'venv\Lib\site-packages\starlette\routing.py', 'venv\Lib\site-packages\websockets\extensions\permessage_deflate.py', 'venv\Lib\site-packages\pygments\lexers\dalvik.py', 'venv\Lib\site-packages\pygments\styles\coffee.py', 'venv\Lib\site-packages\pydantic\version.py', 'venv\Lib\site-packages\pydantic\mypy.py', 'venv\Lib\site-packages\fastapi\websockets.py', 'venv\Lib\site-packages\pygments\formatters\img.py', 'venv\Lib\site-packages\_pytest\reports.py', 'venv\Lib\site-packages\websockets\extensions\__init__.py', 'venv\Lib\site-packages\h11\_events.py', 'venv\Lib\site-packages\pydantic\v1\json.py', 'venv\Lib\site-packages\dns\dnssecalgs\rsa.py', 'venv\Lib\site-packages\fastapi\param_functions.py', 'venv\Lib\site-packages\pygments\lexers\grammar_notation.py', 'venv\Lib\site-packages\colorama\tests\ansi_test.py', 'venv\Lib\site-packages\pygments\lexers\_julia_builtins.py', 'venv\Lib\site-packages\yaml\parser.py', 'venv\Lib\site-packages\_pytest\pytester_assertions.py', 'venv\Lib\site-packages\pydantic\v1\datetime_parse.py', 'venv\Lib\site-packages\h11\__init__.py', 'venv\Lib\site-packages\idna\cli.py', 'venv\Lib\site-packages\anyio\streams\memory.py', 'venv\Lib\site-packages\pygments\lexers\blueprint.py', 'venv\Lib\site-packages\pygments\styles\paraiso_light.py', 'venv\Lib\site-packages\websockets\typing.py', 'venv\Lib\site-packages\dns\rdtypes\ANY\RP.py', 'venv\Lib\site-packages\pygments\styles\native.py', 'venv\Lib\site-packages\pydantic\v1\validators.py', 'venv\Lib\site-packages\pygments\lexers\_sourcemod_builtins.py', 'venv\Lib\site-packages\httpx\_api.py', 'venv\Lib\site-packages\pygments\lexers\supercollider.py', 'venv\Lib\site-packages\websockets\sync\utils.py', 'venv\Lib\site-packages\_pytest\assertion\rewrite.py', 'venv\Lib\site-packages\pygments\lexers\teraterm.py', 'venv\Lib\site-packages\pygments\styles\stata_light.py', 'venv\Lib\site-packages\_pytest\nodes.py', 'venv\Lib\site-packages\anyio\streams\__init__.py', 'venv\Lib\site-packages\pip\_vendor\urllib3\contrib\emscripten\fetch.py', 'venv\Lib\site-packages\watchfiles\__main__.py', 'venv\Lib\site-packages\pygments\lexers\typoscript.py', 'venv\Lib\site-packages\pygments\lexers\email.py', 'venv\Lib\site-packages\_pytest\__init__.py', 'venv\Lib\site-packages\charset_normalizer\api.py', 'venv\Lib\site-packages\dns\resolver.py', 'venv\Lib\site-packages\pygments\styles\nord.py', 'venv\Lib\site-packages\idna\compat.py', 'venv\Lib\site-packages\charset_normalizer\legacy.py', 'venv\Lib\site-packages\pydantic\_internal\_internal_dataclass.py', 'venv\Lib\site-packages\_pytest\logging.py', 'venv\Lib\site-packages\pip\_vendor\urllib3\util\ssl_.py', 'venv\Lib\site-packages\uvicorn\lifespan\__init__.py', 'venv\Lib\site-packages\pydantic\validate_call_decorator.py', 'venv\Lib\site-packages\charset_normalizer\cd.py', 'venv\Lib\site-packages\uvicorn\protocols\__init__.py', 'venv\Lib\site-packages\pydantic\v1\__init__.py', 'venv\Lib\site-packages\uvicorn\middleware\asgi2.py', 'venv\Lib\site-packages\yaml\error.py', 'venv\Lib\site-packages\pygments\lexers\templates.py', 'venv\Lib\site-packages\requests\_internal_utils.py', 'venv\Lib\site-packages\pygments\lexers\testing.py', 'venv\Lib\site-packages\dotenv\variables.py', 'venv\Lib\site-packages\yaml\scanner.py', 'venv\Lib\site-packages\h11\_state.py', 'venv\Lib\site-packages\_pytest\config\findpaths.py', 'venv\Lib\site-packages\pygments\lexers\_asy_builtins.py', 'venv\Lib\site-packages\pygments\lexers\dsls.py', 'venv\Lib\site-packages\email_validator\version.py', 'venv\Lib\site-packages\typing_inspection\__init__.py', 'venv\Lib\site-packages\dns\dnssecalgs\cryptography.py', 'venv\Lib\site-packages\uvicorn\loops\asyncio.py', 'venv\Lib\site-packages\yaml\resolver.py', 'venv\Lib\site-packages\dns\__init__.py', 'venv\Lib\site-packages\pygments\lexers\business.py', 'venv\Lib\site-packages\fastapi\params.py', 'venv\Lib\site-packages\uvicorn\config.py', 'venv\Lib\site-packages\anyio\_core\__init__.py', 'venv\Lib\site-packages\iniconfig\_parse.py', 'venv\Lib\site-packages\pygments\lexers\__init__.py', 'venv\Lib\site-packages\_pytest\stash.py', 'venv\Lib\site-packages\pygments\styles\tango.py', 'venv\Lib\site-packages\fastapi\logger.py', 'venv\Lib\site-packages\httpcore\_synchronization.py', 'venv\Lib\site-packages\uvicorn\workers.py', 'venv\Lib\site-packages\pygments\lexers\installers.py', 'venv\Lib\site-packages\pygments\style.py', 'venv\Lib\site-packages\anyio\_backends\_trio.py', 'venv\Lib\site-packages\click\exceptions.py', 'venv\Lib\site-packages\pip\_vendor\urllib3\contrib\socks.py', 'venv\Lib\site-packages\starlette\testclient.py', 'venv\Lib\site-packages\h11\_util.py', 'venv\Lib\site-packages\watchfiles\filters.py', 'venv\Lib\site-packages\pygments\lexers\forth.py', 'venv\Lib\site-packages\pydantic\deprecated\class_validators.py', 'venv\Lib\site-packages\pygments\lexers\srcinfo.py', 'venv\Lib\site-packages\pygments\lexers\savi.py', 'venv\Lib\site-packages\fastapi\applications.py', 'venv\Lib\site-packages\anyio\_core\_sockets.py', 'venv\Lib\site-packages\dotenv\ipython.py', 'venv\Lib\site-packages\pydantic\annotated_handlers.py', 'venv\Lib\site-packages\fastapi\security\open_id_connect_url.py', 'venv\Lib\site-packages\pip\_vendor\urllib3\util\request.py', 'venv\Lib\site-packages\urllib3\util\wait.py', 'venv\Lib\site-packages\pygments\lexers\tablegen.py', 'venv\Lib\site-packages\pygments\styles\xcode.py', 'venv\Lib\site-packages\pip\_vendor\pygments\lexers\python.py', 'venv\Lib\site-packages\pip\_vendor\pygments\lexers\_mapping.py', 'venv\Lib\site-packages\pygments\styles\borland.py', 'venv\Lib\site-packages\websockets\__main__.py', 'venv\Lib\site-packages\pygments\lexers\_sql_builtins.py', 'venv\Lib\site-packages\pydantic\v1\error_wrappers.py', 'venv\Lib\site-packages\pygments\lexers\felix.py', 'venv\Lib\site-packages\httptools\parser\protocol.py', 'venv\Lib\site-packages\pydantic\schema.py', 'venv\Lib\site-packages\pygments\lexers\_cl_builtins.py', 'venv\Lib\site-packages\dns\e164.py', 'venv\Lib\site-packages\pygments\lexers\factor.py', 'venv\Lib\site-packages\pydantic\dataclasses.py', 'venv\Lib\site-packages\_pytest\mark\__init__.py', 'venv\Lib\site-packages\starlette\responses.py', 'venv\Lib\site-packages\dns\quic\_common.py', 'venv\Lib\site-packages\fastapi\dependencies\utils.py', 'venv\Lib\site-packages\httpcore\_backends\__init__.py', 'venv\Lib\site-packages\pygments\console.py', 'venv\Lib\site-packages\dns\tokenizer.py', 'venv\Lib\site-packages\pygments\lexers\cplint.py', 'venv\Lib\site-packages\pygments\lexers\_stan_builtins.py', 'venv\Lib\site-packages\httpcore\_ssl.py', 'venv\Lib\site-packages\pydantic\_internal\_config.py', 'venv\Lib\site-packages\websockets\connection.py', 'venv\Lib\site-packages\starlette\middleware\authentication.py', 'venv\Lib\site-packages\dns\reversename.py', 'venv\Lib\site-packages\starlette\middleware\gzip.py', 'venv\Lib\site-packages\colorama\tests\isatty_test.py', 'venv\Lib\site-packages\pygments\lexers\roboconf.py', 'venv\Lib\site-packages\pip\_vendor\urllib3\contrib\pyopenssl.py', 'venv\Lib\site-packages\pydantic\_migration.py', 'venv\Lib\site-packages\requests\exceptions.py', 'venv\Lib\site-packages\pygments\lexers\purescript.py', 'venv\Lib\site-packages\dns\opcode.py', 'venv\Lib\site-packages\pygments\lexers\prql.py', 'venv\Lib\site-packages\uvicorn\supervisors\watchfilesreload.py', 'venv\Lib\site-packages\pygments\formatters\bbcode.py', 'venv\Lib\site-packages\pygments\lexers\diff.py', 'venv\Lib\site-packages\httpcore\_async\socks_proxy.py', 'venv\Lib\site-packages\httptools\_version.py', 'venv\Lib\site-packages\httpx\_models.py', 'venv\Lib\site-packages\anyio\abc\_sockets.py', 'venv\Lib\site-packages\pydantic\v1\color.py', 'venv\Lib\site-packages\pygments\lexers\bitbake.py', 'venv\Lib\site-packages\pydantic\warnings.py', 'venv\Lib\site-packages\httpx\_config.py', 'venv\Lib\site-packages\websockets\version.py', 'venv\Lib\site-packages\starlette\middleware\base.py', 'venv\Lib\site-packages\pip\_vendor\urllib3\util\response.py', 'venv\Lib\site-packages\pip\_vendor\pygments\styles\_mapping.py', 'venv\Lib\site-packages\pygments\lexers\bibtex.py', 'venv\Lib\site-packages\requests\auth.py', 'venv\Lib\site-packages\websockets\trio\connection.py', 'venv\Lib\site-packages\httpx\_urlparse.py', 'venv\Lib\site-packages\websockets\legacy\framing.py', 'venv\Lib\site-packages\anyio\abc\_resources.py', 'venv\Lib\site-packages\fastapi\openapi\docs.py', 'venv\Lib\site-packages\pygments\lexers\nimrod.py', 'venv\Lib\site-packages\dns\rdtypes\ANY\TXT.py', 'venv\Lib\site-packages\starlette\middleware\wsgi.py', 'venv\Lib\site-packages\httpcore\_async\__init__.py', 'venv\Lib\site-packages\starlette\middleware\cors.py', 'venv\Lib\site-packages\anyio\_core\_fileio.py', 'venv\Lib\site-packages\pygments\lexers\parasail.py', 'venv\Lib\site-packages\starlette\__init__.py', 'venv\Lib\site-packages\pluggy\_result.py', 'venv\Lib\site-packages\starlette\_utils.py', 'venv\Lib\site-packages\anyio\_core\_concurrency_utils.py', 'venv\Lib\site-packages\requests\__init__.py', 'venv\Lib\site-packages\httpx\__init__.py', 'venv\Lib\site-packages\requests\api.py', 'venv\Lib\site-packages\certifi\__main__.py', 'venv\Lib\site-packages\_pytest\warning_types.py', 'venv\Lib\site-packages\pygments\lexers\jvm.py', 'venv\Lib\site-packages\dotenv\parser.py', 'venv\Lib\site-packages\dns\_asyncio_backend.py', 'venv\Lib\site-packages\websockets\sync\__init__.py', 'venv\Lib\site-packages\pip\_vendor\urllib3\contrib\emscripten\request.py', 'venv\Lib\site-packages\requests\help.py', 'venv\Lib\site-packages\pygments\lexers\vip.py', 'venv\Lib\site-packages\requests\compat.py', 'venv\Lib\site-packages\_pytest\unraisableexception.py', 'venv\Lib\site-packages\h11\_version.py', 'venv\Lib\site-packages\pygments\lexers\smv.py', 'venv\Lib\site-packages\httpcore\_sync\connection.py', 'venv\Lib\site-packages\pygments\styles\_mapping.py', 'venv\Lib\site-packages\pip\_vendor\cachecontrol\caches\redis_cache.py', 'venv\Lib\site-packages\pygments\lexers\iolang.py', 'venv\Lib\site-packages\pygments\lexers\gdscript.py', 'venv\Lib\site-packages\typing_extensions.py', 'venv\Lib\site-packages\_pytest\_code\__init__.py', 'venv\Lib\site-packages\starlette\formparsers.py', 'venv\Lib\site-packages\click\shell_completion.py', 'venv\Lib\site-packages\pygments\lexers\codeql.py', 'venv\Lib\site-packages\pluggy\_tracing.py', 'venv\Lib\site-packages\_pytest\raises.py', 'venv\Lib\site-packages\pip\_vendor\urllib3\util\timeout.py', 'venv\Lib\site-packages\packaging\licenses\_spdx.py', 'venv\Lib\site-packages\_pytest\_py\path.py', 'venv\Lib\site-packages\pygments\formatters\pangomarkup.py', 'venv\Lib\site-packages\pygments\lexers\comal.py', 'venv\Lib\site-packages\pygments\lexers\numbair.py', 'venv\Lib\site-packages\packaging\direct_url.py', 'venv\Lib\site-packages\httpx\_main.py', 'venv\Lib\site-packages\pygments\lexers\ooc.py', 'venv\Lib\site-packages\certifi\tests\test_certify.py', 'venv\Lib\site-packages\packaging\__init__.py', 'venv\Lib\site-packages\pygments\lexers\asm.py', 'venv\Lib\site-packages\pydantic\alias_generators.py', 'venv\Lib\site-packages\pydantic\_internal\_dataclasses.py', 'venv\Lib\site-packages\dns\_ddr.py', 'venv\Lib\site-packages\fastapi\dependencies\models.py', 'venv\Lib\site-packages\_pytest\outcomes.py', 'venv\Lib\site-packages\pygments\lexers\maxima.py', 'venv\Lib\site-packages\pydantic\_internal\__init__.py', 'venv\Lib\site-packages\httpcore\_backends\base.py', 'venv\Lib\site-packages\packaging\ranges.py', 'venv\Lib\site-packages\_pytest\unittest.py', 'venv\Lib\site-packages\pygments\lexers\textfmts.py', 'venv\Lib\site-packages\websockets\frames.py', 'venv\Lib\site-packages\dns\_no_ssl.py', 'venv\Lib\site-packages\pygments\lexers\css.py', 'venv\Lib\site-packages\websockets\streams.py', 'venv\Lib\site-packages\click\_textwrap.py', 'venv\Lib\site-packages\dns\rdtypes\ANY\RRSIG.py', 'venv\Lib\site-packages\pygments\lexers\dns.py', 'venv\Lib\site-packages\fastapi\__init__.py', 'venv\Lib\site-packages\starlette\datastructures.py', 'venv\Lib\site-packages\_pytest\assertion\util.py', 'venv\Lib\site-packages\email_validator\syntax.py', 'venv\Lib\site-packages\pygments\lexers\pawn.py', 'venv\Lib\site-packages\dns\rdtypes\ANY\PTR.py', 'venv\Lib\site-packages\urllib3\util\connection.py', 'venv\Lib\site-packages\anyio\_core\_asyncio_selector_thread.py', 'venv\Lib\site-packages\anyio\streams\buffered.py', 'venv\Lib\site-packages\_pytest\_code\code.py', 'venv\Lib\site-packages\idna\idnadata.py', 'venv\Lib\site-packages\email_validator\rfc_constants.py', 'venv\Lib\site-packages\anyio\abc\_streams.py', 'venv\Lib\site-packages\dns\rdtypes\ANY\RESINFO.py', 'venv\Lib\site-packages\pygments\lexers\shell.py', 'venv\Lib\site-packages\pydantic\functional_serializers.py', 'venv\Lib\site-packages\pygments\lexers\sgf.py', 'venv\Lib\site-packages\dns\versioned.py', 'venv\Lib\site-packages\fastapi\responses.py', 'venv\Lib\site-packages\dns\zonetypes.py', 'venv\Lib\site-packages\pygments\styles\arduino.py', 'venv\Lib\site-packages\urllib3\contrib\__init__.py', 'venv\Lib\site-packages\_pytest\mark\structures.py', 'venv\Lib\site-packages\uvicorn\supervisors\basereload.py', 'venv\Lib\site-packages\packaging\markers.py', 'venv\Lib\site-packages\h11\_writers.py', 'venv\Lib\site-packages\uvicorn\supervisors\statreload.py', 'venv\Lib\site-packages\_pytest\_io\saferepr.py', 'venv\Lib\site-packages\fastapi\testclient.py', 'venv\Lib\site-packages\charset_normalizer\__main__.py', 'venv\Lib\site-packages\pygments\lexers\modula2.py', 'venv\Lib\site-packages\uvicorn\loops\auto.py', 'venv\Lib\site-packages\dns\query.py', 'venv\Lib\site-packages\_pytest\freeze_support.py', 'venv\Lib\site-packages\yaml\loader.py', 'venv\Lib\site-packages\pygments\lexers\amdgpu.py', 'venv\Lib\site-packages\anyio\_core\_streams.py', 'venv\Lib\site-packages\urllib3\fields.py', 'venv\Lib\site-packages\httpcore\_sync\http2.py', 'venv\Lib\site-packages\uvicorn\supervisors\multiprocess.py', 'venv\Lib\site-packages\colorama\__init__.py', 'venv\Lib\site-packages\colorama\tests\__init__.py', 'venv\Lib\site-packages\packaging\metadata.py', 'venv\Lib\site-packages\pygments\lexers\tcl.py', 'venv\Lib\site-packages\pygments\lexers\zig.py', 'venv\Lib\site-packages\dns\tsig.py', 'venv\Lib\site-packages\websockets\sync\messages.py', 'venv\Lib\site-packages\websockets\sync\connection.py', 'venv\Lib\site-packages\dns\rdtypes\ANY\SMIMEA.py', 'venv\Lib\site-packages\charset_normalizer\cli\__main__.py', 'venv\Lib\site-packages\fastapi\middleware\__init__.py', 'venv\Lib\site-packages\watchfiles\cli.py', 'venv\Lib\site-packages\pygments\modeline.py', 'venv\Lib\site-packages\_pytest\warnings.py', 'venv\Lib\site-packages\fastapi\encoders.py', 'venv\Lib\site-packages\dns\asyncresolver.py', 'venv\Lib\site-packages\email_validator\__main__.py', 'venv\Lib\site-packages\pydantic\types.py', 'venv\Lib\site-packages\pygments\lexers\c_cpp.py', 'venv\Lib\site-packages\requests\sessions.py', 'venv\Lib\site-packages\pygments\lexers\capnproto.py', 'venv\Lib\site-packages\pygments\lexers\procfile.py', 'venv\Lib\site-packages\fastapi\security\http.py', 'venv\Lib\site-packages\colorama\tests\utils.py', 'venv\Lib\site-packages\starlette\endpoints.py', 'venv\Lib\site-packages\fastapi\dependencies\__init__.py', 'venv\Lib\site-packages\pygments\lexers\_tsql_builtins.py', 'venv\Lib\site-packages\pluggy\__init__.py', 'venv\Lib\site-packages\pygments\lexers\rell.py', 'venv\Lib\site-packages\starlette\exceptions.py', 'venv\Lib\site-packages\urllib3\poolmanager.py', 'venv\Lib\site-packages\dns\inet.py', 'venv\Lib\site-packages\pygments\lexers\rust.py', 'venv\Lib\site-packages\pygments\lexers\smithy.py', 'venv\Lib\site-packages\charset_normalizer\__init__.py', 'venv\Lib\site-packages\httpx\_status_codes.py', 'venv\Lib\site-packages\starlette\types.py', 'venv\Lib\site-packages\pydantic\_internal\_schema_gather.py', 'venv\Lib\site-packages\dns\rdtypes\ANY\SSHFP.py', 'venv\Lib\site-packages\pygments\formatters\svg.py', 'venv\Lib\site-packages\_pytest\debugging.py', 'venv\Lib\site-packages\pygments\lexers\elpi.py', 'venv\Lib\site-packages\pydantic\_internal\_validators.py', 'venv\Lib\site-packages\h11\_abnf.py', 'venv\Lib\site-packages\dns\rdtypes\__init__.py', 'venv\Lib\site-packages\pygments\lexers\scdoc.py', 'venv\Lib\site-packages\pygments\lexers\sas.py', 'venv\Lib\site-packages\pygments\styles\algol_nu.py', 'venv\Lib\site-packages\pydantic\_internal\_typing_extra.py', 'venv\Lib\site-packages\packaging\_structures.py', 'venv\Lib\site-packages\pygments\styles\vs.py', 'venv\Lib\site-packages\pydantic\json_schema.py', 'venv\Lib\site-packages\pygments\token.py', 'venv\Lib\site-packages\pygments\styles\gruvbox.py', 'venv\Lib\site-packages\pydantic\_internal\_decorators_v1.py', 'venv\Lib\site-packages\dns\dnssecalgs\ecdsa.py', 'venv\Lib\site-packages\fastapi\_compat.py', 'venv\Lib\site-packages\dns\rdtypes\ANY\NSEC3PARAM.py', 'venv\Lib\site-packages\dotenv\__main__.py', 'venv\Lib\site-packages\uvicorn\importer.py', 'venv\Lib\site-packages\fastapi\security\api_key.py', 'venv\Lib\site-packages\dns\exception.py', 'venv\Lib\site-packages\pytest\__main__.py', 'venv\Lib\site-packages\pygments\lexers\agile.py', 'venv\Lib\site-packages\dns\xfr.py', 'venv\Lib\site-packages\pygments\lexers\futhark.py', 'venv\Lib\site-packages\pydantic\v1\dataclasses.py', 'venv\Lib\site-packages\pygments\lexers\xorg.py', 'venv\Lib\site-packages\pygments\styles\friendly_grayscale.py', 'venv\Lib\site-packages\pygments\lexers\func.py', 'venv\Lib\site-packages\fastapi\templating.py', 'venv\Lib\site-packages\pygments\lexers\minecraft.py', 'venv\Lib\site-packages\pydantic\deprecated\copy_internals.py', 'venv\Lib\site-packages\_pytest\hookspec.py', 'venv\Lib\site-packages\pydantic\v1\fields.py', 'venv\Lib\site-packages\dns\zone.py', 'venv\Lib\site-packages\pygments\lexers\actionscript.py', 'venv\Lib\site-packages\iniconfig\_version.py', 'venv\Lib\site-packages\uvicorn\middleware\proxy_headers.py', 'venv\Lib\site-packages\dotenv\cli.py', 'venv\Lib\site-packages\pygments\lexers\_csound_builtins.py', 'venv\Lib\site-packages\pygments\lexers\compiled.py', 'venv\Lib\site-packages\pygments\lexers\ambient.py', 'venv\Lib\site-packages\pip\_vendor\urllib3\util\url.py', 'venv\Lib\site-packages\pygments\lexers\ruby.py', 'venv\Lib\site-packages\starlette\middleware\sessions.py', 'venv\Lib\site-packages\typing_inspection\typing_objects.py', 'venv\Lib\site-packages\pygments\lexers\verifpal.py', 'venv\Lib\site-packages\pydantic\color.py', 'venv\Lib\site-packages\pip\_vendor\pyproject_hooks\_in_process\__init__.py', 'venv\Lib\site-packages\click\globals.py', 'venv\Lib\site-packages\pygments\lexers\julia.py', 'venv\Lib\site-packages\pydantic\_internal\_decorators.py', 'venv\Lib\site-packages\pygments\lexers\markup.py', 'venv\Lib\site-packages\pydantic\class_validators.py', 'venv\Lib\site-packages\certifi\core.py', 'venv\Lib\site-packages\pydantic\plugin\_schema_validator.py', 'venv\Lib\site-packages\pygments\lexers\qlik.py', 'venv\Lib\site-packages\dns\wire.py', 'venv\Lib\site-packages\pygments\lexers\snobol.py', 'venv\Lib\site-packages\pygments\lexers\hdl.py', 'venv\Lib\site-packages\pydantic\v1\class_validators.py', 'venv\Lib\site-packages\pygments\lexers\nix.py', 'venv\Lib\site-packages\httpcore\_api.py', 'venv\Lib\site-packages\pip\_vendor\urllib3\contrib\emscripten\__init__.py', 'venv\Lib\site-packages\pydantic\v1\mypy.py', 'venv\Lib\site-packages\httpx\_exceptions.py', 'venv\Lib\site-packages\_pytest\setupplan.py', 'venv\Lib\site-packages\pygments\lexers\mosel.py', 'venv\Lib\site-packages\pygments\lexers\wowtoc.py', 'venv\Lib\site-packages\pygments\styles\staroffice.py', 'venv\Lib\site-packages\fastapi\__main__.py', 'venv\Lib\site-packages\pydantic\_internal\_known_annotated_metadata.py', 'venv\Lib\site-packages\pydantic\aliases.py', 'venv\Lib\site-packages\urllib3\http2\connection.py', 'venv\Lib\site-packages\pydantic\v1\typing.py', 'venv\Lib\site-packages\pygments\lexers\objective.py', 'venv\Lib\site-packages\fastapi\types.py', 'venv\Lib\site-packages\pydantic\_internal\_generate_schema.py', 'venv\Lib\site-packages\uvicorn\protocols\utils.py', 'venv\Lib\site-packages\pygments\lexers\prolog.py', 'venv\Lib\site-packages\websockets\asyncio\router.py', 'venv\Lib\site-packages\websockets\__init__.py', 'venv\Lib\site-packages\pygments\lexers\usd.py', 'venv\Lib\site-packages\pygments\lexers\lilypond.py', 'venv\Lib\site-packages\urllib3\contrib\pyopenssl.py', 'venv\Lib\site-packages\_pytest\doctest.py', 'venv\Lib\site-packages\httpcore\_async\connection.py', 'venv\Lib\site-packages\pygments\lexers\macaulay2.py', 'venv\Lib\site-packages\pygments\lexers\mips.py', 'venv\Lib\site-packages\websockets\trio\client.py', 'venv\Lib\site-packages\pygments\lexers\ecl.py', 'venv\Lib\site-packages\anyio\streams\stapled.py', 'venv\Lib\site-packages\httpx\__version__.py', 'venv\Lib\site-packages\httpcore\_async\connection_pool.py', 'venv\Lib\site-packages\starlette\middleware\trustedhost.py', 'venv\Lib\site-packages\pygments\formatters\__init__.py', 'venv\Lib\site-packages\websockets\exceptions.py', 'venv\Lib\site-packages\pygments\lexers\arrow.py', 'venv\Lib\site-packages\_pytest\scope.py', 'venv\Lib\site-packages\requests\utils.py', 'venv\Lib\site-packages\starlette\middleware\__init__.py', 'venv\Lib\site-packages\websockets\legacy\handshake.py', 'venv\Lib\site-packages\urllib3\util\ssl_match_hostname.py', 'venv\Lib\site-packages\dns\rdtypes\txtbase.py', 'venv\Lib\site-packages\websockets\legacy\auth.py', 'venv\Lib\site-packages\pygments\lexers\eiffel.py', 'venv\Lib\site-packages\fastapi\middleware\trustedhost.py', 'venv\Lib\site-packages\_pytest\cacheprovider.py', 'venv\Lib\site-packages\anyio\_core\_eventloop.py', 'venv\Lib\site-packages\uvicorn\lifespan\on.py', 'venv\Lib\site-packages\pip\_vendor\resolvelib\resolvers\exceptions.py', 'venv\Lib\site-packages\_pytest\config\exceptions.py', 'venv\Lib\site-packages\_pytest\monkeypatch.py', 'venv\Lib\site-packages\pygments\lexers\math.py', 'venv\Lib\site-packages\dns\rdtypes\dsbase.py', 'venv\Lib\site-packages\pygments\styles\pastie.py', 'venv\Lib\site-packages\pygments\lexers\sql.py', 'venv\Lib\site-packages\pygments\lexers\gsql.py', 'venv\Lib\site-packages\pip\_vendor\urllib3\util\ssltransport.py', 'venv\Lib\site-packages\pygments\styles\manni.py', 'venv\Lib\site-packages\pygments\styles\gh_dark.py', 'venv\Lib\site-packages\dns\quic\_asyncio.py', 'venv\Lib\site-packages\pydantic\v1\errors.py', 'venv\Lib\site-packages\pydantic\_internal\_docs_extraction.py', 'venv\Lib\site-packages\pygments\lexers\_luau_builtins.py', 'venv\Lib\site-packages\httptools\__init__.py', 'venv\Lib\site-packages\click\_compat.py', 'venv\Lib\site-packages\httpcore\_backends\trio.py', 'venv\Lib\site-packages\pygments\lexers\web.py', 'venv\Lib\site-packages\pip\_vendor\urllib3\util\connection.py', 'venv\Lib\site-packages\dns\message.py', 'venv\Lib\site-packages\pygments\lexers\jmespath.py', 'venv\Lib\site-packages\httpcore\_models.py', 'venv\Lib\site-packages\yaml\emitter.py', 'venv\Lib\site-packages\_pytest\tmpdir.py', 'venv\Lib\site-packages\httpx\_decoders.py', 'venv\Lib\site-packages\pygments\lexers\hare.py', 'venv\Lib\site-packages\fastapi\datastructures.py', 'venv\Lib\site-packages\websockets\legacy\__init__.py', 'venv\Lib\site-packages\pygments\lexers\spice.py', 'venv\Lib\site-packages\pip\_vendor\resolvelib\resolvers\__init__.py', 'venv\Lib\site-packages\_pytest\_argcomplete.py', 'venv\Lib\site-packages\dns\immutable.py', 'venv\Lib\site-packages\pip\_vendor\pyproject_hooks\_in_process\_in_process.py', 'venv\Lib\site-packages\pluggy\_warnings.py', 'venv\Lib\site-packages\pygments\formatters\terminal256.py', 'venv\Lib\site-packages\httpx\_transports\wsgi.py', 'venv\Lib\site-packages\websockets\legacy\server.py', 'venv\Lib\site-packages\websockets\utils.py', 'venv\Lib\site-packages\pip\_vendor\resolvelib\resolvers\criterion.py', 'venv\Lib\site-packages\pydantic_core\__init__.py', 'venv\Lib\site-packages\dns\btreezone.py', 'venv\Lib\site-packages\pygments\lexers\jsonnet.py', 'venv\Lib\site-packages\httpx\_client.py', 'venv\Lib\site-packages\dns\renderer.py', 'venv\Lib\site-packages\dotenv\version.py', 'venv\Lib\site-packages\packaging\_musllinux.py', 'venv\Lib\site-packages\dns\update.py', 'venv\Lib\site-packages\_pytest\config\argparsing.py', 'venv\Lib\site-packages\anyio\abc\_subprocesses.py', 'venv\Lib\site-packages\urllib3\_version.py', 'venv\Lib\site-packages\fastapi\security\__init__.py', 'venv\Lib\site-packages\pygments\lexers\yara.py', 'venv\Lib\site-packages\uvicorn\supervisors\__init__.py', 'venv\Lib\site-packages\_pytest\tracemalloc.py', 'venv\Lib\site-packages\pydantic\deprecated\json.py', 'venv\Lib\site-packages\pygments\scanner.py', 'venv\Lib\site-packages\pydantic\_internal\_repr.py', 'venv\Lib\site-packages\httpcore\_sync\interfaces.py', 'venv\Lib\site-packages\websockets\http11.py', 'venv\Lib\site-packages\fastapi\exceptions.py', 'venv\Lib\site-packages\uvicorn\middleware\message_logger.py', 'venv\Lib\site-packages\dns\rdataset.py', 'venv\Lib\site-packages\pygments\lexers\berry.py', 'venv\Lib\site-packages\pygments\styles\friendly.py', 'venv\Lib\site-packages\pydantic\_internal\_mock_val_ser.py', 'venv\Lib\site-packages\httpx\_auth.py', 'venv\Lib\site-packages\pygments\lexers\soong.py', 'venv\Lib\site-packages\pygments\lexers\html.py', 'venv\Lib\site-packages\requests\__version__.py', 'venv\Lib\site-packages\dns\_asyncbackend.py', 'venv\Lib\site-packages\dns\namedict.py', 'venv\Lib\site-packages\pydantic\deprecated\decorator.py', 'venv\Lib\site-packages\typing_inspection\introspection.py', 'venv\Lib\site-packages\h11\_connection.py', 'venv\Lib\site-packages\pygments\lexers\modeling.py', 'venv\Lib\site-packages\httpcore\_async\http_proxy.py', 'venv\Lib\site-packages\pydantic\main.py', 'venv\Lib\site-packages\packaging\dependency_groups.py', 'venv\Lib\site-packages\websockets\legacy\exceptions.py', 'venv\Lib\site-packages\pydantic\error_wrappers.py', 'venv\Lib\site-packages\fastapi\security\base.py', 'venv\Lib\site-packages\pip\_vendor\packaging\licenses\_spdx.py', 'venv\Lib\site-packages\starlette\middleware\errors.py', 'venv\Lib\site-packages\pydantic\_internal\_serializers.py', 'venv\Lib\site-packages\dns\version.py', 'venv\Lib\site-packages\pydantic\experimental\missing_sentinel.py', 'venv\Lib\site-packages\idna\codec.py', 'venv\Lib\site-packages\pygments\lexers\phix.py', 'venv\Lib\site-packages\starlette\applications.py', 'venv\Lib\site-packages\pydantic\_internal\_model_construction.py', 'venv\Lib\site-packages\starlette\middleware\httpsredirect.py', 'venv\Lib\site-packages\requests\cookies.py', 'venv\Lib\site-packages\anyio\_backends\__init__.py', 'venv\Lib\site-packages\watchfiles\run.py', 'venv\Lib\site-packages\pygments\lexers\_php_builtins.py', 'venv\Lib\site-packages\pygments\styles\abap.py', 'venv\Lib\site-packages\pip\_vendor\urllib3\util\__init__.py', 'venv\Lib\site-packages\urllib3\__init__.py', 'venv\Lib\site-packages\pygments\lexers\x10.py', 'venv\Lib\site-packages\pygments\lexers\stata.py', 'venv\Lib\site-packages\pygments\lexers\wren.py', 'venv\Lib\site-packages\charset_normalizer\version.py', 'venv\Lib\site-packages\certifi\tests\__init__.py', 'venv\Lib\site-packages\pygments\lexer.py', 'venv\Lib\site-packages\pygments\lexers\ada.py', 'venv\Lib\site-packages\uvicorn\__init__.py', 'venv\Lib\site-packages\colorama\winterm.py', 'venv\Lib\site-packages\dns\rdtypes\ANY\__init__.py', 'venv\Lib\site-packages\fastapi\middleware\wsgi.py', 'venv\Lib\site-packages\requests\adapters.py', 'venv\Lib\site-packages\pygments\formatters\groff.py'. Reloading...
WARNING:  WatchFiles detected changes in 'venv\Lib\site-packages\dns\rdtypes\ANY\LOC.py', 'venv\Lib\site-packages\dns\rdtypes\ANY\NINFO.py', 'venv\Lib\site-packages\dns\rdtypes\ANY\NSEC3.py', 'venv\Lib\site-packages\dns\rdtypes\ANY\LP.py', 'venv\Lib\site-packages\dns\rdtypes\ANY\MX.py', 'venv\Lib\site-packages\dns\rdtypes\ANY\NS.py', 'venv\Lib\site-packages\dns\rdtypes\ANY\NSEC.py', 'venv\Lib\site-packages\dns\rdtypes\ANY\NID.py'. Reloading...
INFO:     Started server process [3056]
INFO:     Waiting for application startup.
INFO:     Application startup complete.
ERROR:    Traceback (most recent call last):
  File "C:\Users\Enos Moreno\AppData\Local\Programs\Python\Python314\Lib\asyncio\runners.py", line 128, in run
    return self._loop.run_until_complete(task)
           ~~~~~~~~~~~~~~~~~~~~~~~~~~~~~^^^^^^
  File "C:\Users\Enos Moreno\AppData\Local\Programs\Python\Python314\Lib\asyncio\base_events.py", line 719, in run_until_complete
    return future.result()
           ~~~~~~~~~~~~~^^
asyncio.exceptions.CancelledError

During handling of the above exception, another exception occurred:

Traceback (most recent call last):
  File "C:\Users\Enos Moreno\AppData\Local\Programs\Python\Python314\Lib\asyncio\runners.py", line 205, in run
    return runner.run(main)
           ~~~~~~~~~~^^^^^^
  File "C:\Users\Enos Moreno\AppData\Local\Programs\Python\Python314\Lib\asyncio\runners.py", line 133, in run
    raise KeyboardInterrupt()
KeyboardInterrupt

During handling of the above exception, another exception occurred:

Traceback (most recent call last):
  File "C:\Users\Enos Moreno\OneDrive - uph.edu.hn\Escritorio\API_Sistema_Academico_FastAPI_SQLite\venv\Lib\site-packages\starlette\routing.py", line 701, in lifespan
    await receive()
  File "C:\Users\Enos Moreno\OneDrive - uph.edu.hn\Escritorio\API_Sistema_Academico_FastAPI_SQLite\venv\Lib\site-packages\uvicorn\lifespan\on.py", line 137, in receive
    return await self.receive_queue.get()
           ^^^^^^^^^^^^^^^^^^^^^^^^^^^^^^
  File "C:\Users\Enos Moreno\AppData\Local\Programs\Python\Python314\Lib\asyncio\queues.py", line 186, in get
    await getter
asyncio.exceptions.CancelledError

WARNING:  WatchFiles detected changes in 'venv\Lib\site-packages\dns\rdtypes\ANY\L32.py', 'venv\Lib\site-packages\dns\rdtypes\ANY\DNSKEY.py', 'venv\Lib\site-packages\dns\rdtypes\ANY\CNAME.py', 'venv\Lib\site-packages\dns\rdtypes\ANY\CSYNC.py', 'venv\Lib\site-packages\dns\rdtypes\ANY\EUI48.py', 'venv\Lib\site-packages\dns\rdtypes\ANY\DSYNC.py', 'venv\Lib\site-packages\dns\rdtypes\ANY\CDNSKEY.py', 'venv\Lib\site-packages\dns\rdtypes\ANY\DS.py', 'venv\Lib\site-packages\dns\rdtypes\ANY\CAA.py', 'venv\Lib\site-packages\dns\rdtypes\ANY\HIP.py', 'venv\Lib\site-packages\dns\rdtypes\ANY\GPOS.py', 'venv\Lib\site-packages\dns\rdtypes\ANY\CDS.py', 'venv\Lib\site-packages\dns\rdtypes\ANY\DLV.py', 'venv\Lib\site-packages\dns\rdtypes\ANY\ISDN.py', 'venv\Lib\site-packages\dns\rdtypes\ANY\HINFO.py', 'venv\Lib\site-packages\dns\rdtypes\ANY\EUI64.py', 'venv\Lib\site-packages\dns\rdtypes\ANY\DNAME.py', 'venv\Lib\site-packages\dns\rdtypes\ANY\L64.py', 'venv\Lib\site-packages\dns\rdtypes\ANY\CERT.py'. Reloading...
INFO:     Started server process [23696]
INFO:     Waiting for application startup.
INFO:     Application startup complete.
ERROR:    Traceback (most recent call last):
  File "C:\Users\Enos Moreno\AppData\Local\Programs\Python\Python314\Lib\asyncio\runners.py", line 128, in run
    return self._loop.run_until_complete(task)
           ~~~~~~~~~~~~~~~~~~~~~~~~~~~~~^^^^^^
  File "C:\Users\Enos Moreno\AppData\Local\Programs\Python\Python314\Lib\asyncio\base_events.py", line 719, in run_until_complete
    return future.result()
           ~~~~~~~~~~~~~^^
asyncio.exceptions.CancelledError

During handling of the above exception, another exception occurred:

Traceback (most recent call last):
  File "C:\Users\Enos Moreno\AppData\Local\Programs\Python\Python314\Lib\asyncio\runners.py", line 205, in run
    return runner.run(main)
           ~~~~~~~~~~^^^^^^
  File "C:\Users\Enos Moreno\AppData\Local\Programs\Python\Python314\Lib\asyncio\runners.py", line 133, in run
    raise KeyboardInterrupt()
KeyboardInterrupt

During handling of the above exception, another exception occurred:

Traceback (most recent call last):
  File "C:\Users\Enos Moreno\OneDrive - uph.edu.hn\Escritorio\API_Sistema_Academico_FastAPI_SQLite\venv\Lib\site-packages\starlette\routing.py", line 701, in lifespan
    await receive()
  File "C:\Users\Enos Moreno\OneDrive - uph.edu.hn\Escritorio\API_Sistema_Academico_FastAPI_SQLite\venv\Lib\site-packages\uvicorn\lifespan\on.py", line 137, in receive
    return await self.receive_queue.get()
           ^^^^^^^^^^^^^^^^^^^^^^^^^^^^^^
  File "C:\Users\Enos Moreno\AppData\Local\Programs\Python\Python314\Lib\asyncio\queues.py", line 186, in get
    await getter
asyncio.exceptions.CancelledError

WARNING:  WatchFiles detected changes in 'venv\Lib\site-packages\dns\rdtypes\IN\PX.py', 'venv\Lib\site-packages\dns\rdtypes\IN\WKS.py', 'venv\Lib\site-packages\dns\rdtypes\ANY\AMTRELAY.py', 'venv\Lib\site-packages\dns\rdtypes\CH\__init__.py', 'venv\Lib\site-packages\dns\rdtypes\IN\__init__.py', 'venv\Lib\site-packages\dns\rdtypes\ANY\AVC.py', 'venv\Lib\site-packages\dns\rdtypes\IN\SRV.py', 'venv\Lib\site-packages\dns\rdtypes\CH\A.py', 'venv\Lib\site-packages\dns\rdtypes\ANY\AFSDB.py', 'venv\Lib\site-packages\dns\rdtypes\IN\HTTPS.py', 'venv\Lib\site-packages\dns\rdtypes\IN\AAAA.py', 'venv\Lib\site-packages\dns\rdtypes\IN\NSAP.py', 'venv\Lib\site-packages\dns\rdtypes\IN\SVCB.py', 'venv\Lib\site-packages\dns\rdtypes\IN\A.py', 'venv\Lib\site-packages\dns\rdtypes\IN\NAPTR.py', 'venv\Lib\site-packages\dns\rdtypes\IN\KX.py', 'venv\Lib\site-packages\dns\rdtypes\IN\IPSECKEY.py', 'venv\Lib\site-packages\dns\rdtypes\IN\NSAP_PTR.py', 'venv\Lib\site-packages\dns\rdtypes\IN\DHCID.py'. Reloading...
INFO:     Started server process [14716]
INFO:     Waiting for application startup.
INFO:     Application startup complete.
ERROR:    Traceback (most recent call last):
  File "C:\Users\Enos Moreno\AppData\Local\Programs\Python\Python314\Lib\asyncio\runners.py", line 128, in run
    return self._loop.run_until_complete(task)
           ~~~~~~~~~~~~~~~~~~~~~~~~~~~~~^^^^^^
  File "C:\Users\Enos Moreno\AppData\Local\Programs\Python\Python314\Lib\asyncio\base_events.py", line 719, in run_until_complete
    return future.result()
           ~~~~~~~~~~~~~^^
asyncio.exceptions.CancelledError

During handling of the above exception, another exception occurred:

Traceback (most recent call last):
  File "C:\Users\Enos Moreno\AppData\Local\Programs\Python\Python314\Lib\asyncio\runners.py", line 205, in run
    return runner.run(main)
           ~~~~~~~~~~^^^^^^
  File "C:\Users\Enos Moreno\AppData\Local\Programs\Python\Python314\Lib\asyncio\runners.py", line 133, in run
    raise KeyboardInterrupt()
KeyboardInterrupt

During handling of the above exception, another exception occurred:

Traceback (most recent call last):
  File "C:\Users\Enos Moreno\OneDrive - uph.edu.hn\Escritorio\API_Sistema_Academico_FastAPI_SQLite\venv\Lib\site-packages\starlette\routing.py", line 701, in lifespan
    await receive()
  File "C:\Users\Enos Moreno\OneDrive - uph.edu.hn\Escritorio\API_Sistema_Academico_FastAPI_SQLite\venv\Lib\site-packages\uvicorn\lifespan\on.py", line 137, in receive
    return await self.receive_queue.get()
           ^^^^^^^^^^^^^^^^^^^^^^^^^^^^^^
  File "C:\Users\Enos Moreno\AppData\Local\Programs\Python\Python314\Lib\asyncio\queues.py", line 186, in get
    await getter
asyncio.exceptions.CancelledError

WARNING:  WatchFiles detected changes in 'venv\Lib\site-packages\dns\rdtypes\IN\APL.py'. Reloading...
INFO:     Started server process [26332]
INFO:     Waiting for application startup.
INFO:     Application startup complete.
WARNING:  WatchFiles detected changes in 'venv\Lib\site-packages\urllib3\contrib\emscripten\fetch.py', 'venv\Lib\site-packages\urllib3\contrib\emscripten\__init__.py', 'venv\Lib\site-packages\urllib3\contrib\emscripten\request.py', 'venv\Lib\site-packages\urllib3\contrib\emscripten\response.py'. Reloading...
INFO:     Shutting down
INFO:     Waiting for application shutdown.
INFO:     Application shutdown complete.
INFO:     Finished server process [26332]
WARNING:  WatchFiles detected changes in 'venv\Lib\site-packages\uvicorn\protocols\websockets\wsproto_impl.py', 'venv\Lib\site-packages\uvicorn\protocols\http\flow_control.py', 'venv\Lib\site-packages\uvicorn\protocols\http\httptools_impl.py', 'venv\Lib\site-packages\uvicorn\protocols\http\h11_impl.py', 'venv\Lib\site-packages\urllib3\contrib\emscripten\connection.py', 'venv\Lib\site-packages\uvicorn\protocols\websockets\websockets_sansio_impl.py', 'venv\Lib\site-packages\uvicorn\protocols\websockets\auto.py', 'venv\Lib\site-packages\uvicorn\protocols\websockets\websockets_impl.py', 'venv\Lib\site-packages\uvicorn\protocols\websockets\__init__.py', 'venv\Lib\site-packages\uvicorn\protocols\http\__init__.py', 'venv\Lib\site-packages\uvicorn\protocols\http\auto.py'. Reloading...
INFO:     Started server process [23468]
INFO:     Waiting for application startup.
INFO:     Application startup complete.
